_start: cpu freq: 160000000 Hz[0m
[0;ï¿½ets Jul 29 2019 12:21:46

rst:0x1 (POWERON_RESET),boot:0x13 (SPI_FAST_FLASH_BOOT)
configsip: 0, SPIWP:0xee
clk_drv:0x00,q_drv:0x00,d_drv:0x00,cs0_drv:0x00,hd_drv:0x00,wp_drv:0x00
mode:DIO, clock div:2
load:0x3fff0030,len:7112
load:0x40078000,len:15788
ho 0 tail 12 room 4
load:0x40080400,len:4
load:0x40080404,len:3904
entry 0x40080640
[0;32mI (31) boot: ESP-IDF v5.4-dev-2620-g6673376297 2nd stage bootloader[0m
[0;32mI (31) boot: compile time Sep  1 2024 18:58:24[0m
[0;32mI (33) boot: Multicore bootloader[0m
[0;32mI (37) boot: chip revision: v3.1[0m
[0;32mI (41) boot.esp32: SPI Speed      : 40MHz[0m
[0;32mI (46) boot.esp32: SPI Mode       : DIO[0m
[0;32mI (50) boot.esp32: SPI Flash Size : 2MB[0m
[0;32mI (55) boot: Enabling RNG early entropy source...[0m
[0;32mI (60) boot: Partition Table:[0m
[0;32mI (64) boot: ## Label            Usage          Type ST Offset   Length[0m
[0;32mI (71) boot:  0 nvs              WiFi data        01 02 00009000 00006000[0m
[0;32mI (78) boot:  1 phy_init         RF data          01 01 0000f000 00001000[0m
[0;32mI (86) boot:  2 factory          factory app      00 00 00010000 00100000[0m
[0;32mI (93) boot: End of partition table[0m
[0;32mI (97) esp_image: segment 0: paddr=00010020 vaddr=3f400020 size=1cb2ch (117548) map[0m
[0;32mI (146) esp_image: segment 1: paddr=0002cb54 vaddr=3ffb0000 size=0250ch (  9484) load[0m
[0;32mI (150) esp_image: segment 2: paddr=0002f068 vaddr=40080000 size=00fb0h (  4016) load[0m
[0;32mI (154) esp_image: segment 3: paddr=00030020 vaddr=400d0020 size=530a8h (340136) map[0m
[0;32mI (277) esp_image: segment 4: paddr=000830d0 vaddr=40080fb0 size=0d03ch ( 53308) load[0m
[0;32mI (305) boot: Loaded app from partition at offset 0x10000[0m
[0;32mI (305) boot: Disabling RNG early entropy source...[0m
[0;32mI (318) cpu_start: Multicore app[0m
[0;32mI (326) cpu_start: Pro cpu start user code[0m
[0;32mI (326) cpu_start: cpu freq: 160000000 Hz[0m
[0;32mI (326) app_init: Application information:[0m
[0;32mI (329) app_init: Project name:     irrigacao_inteligente[0m
[0;32mI (335) app_init: App version:      57e0da2-dirty[0m
[0;32mI (340) app_init: Compile time:     Sep  1 2024 18:58:47[0m
[0;32mI (346) app_init: ELF file SHA256:  7ac63242a...[0m
[0;32mI (352) app_init: ESP-IDF:          v5.4-dev-2620-g6673376297[0m
[0;32mI (358) efuse_init: Min chip rev:     v0.0[0m
[0;32mI (363) efuse_init: Max chip rev:     v3.99 [0m
[0;32mI (368) efuse_init: Chip rev:         v3.1[0m
[0;32mI (373) heap_init: Initializing. RAM available for dynamic allocation:[0m
[0;32mI (380) heap_init: At 3FFAE6E0 len 00001920 (6 KiB): DRAM[0m
[0;32mI (386) heap_init: At 3FFB3BA8 len 0002C458 (177 KiB): DRAM[0m
[0;32mI (392) heap_init: At 3FFE0440 len 00003AE0 (14 KiB): D/IRAM[0m
[0;32mI (398) heap_init: At 3FFE4350 len 0001BCB0 (111 KiB): D/IRAM[0m
[0;32mI (405) heap_init: At 4008DFEC len 00012014 (72 KiB): IRAM[0m
[0;32mI (413) spi_flash: detected chip: generic[0m
[0;32mI (416) spi_flash: flash io: dio[0m
[0;33mW (420) spi_flash: Detected size(4096k) larger than the size in the binary image header(2048k). Using the size in the binary image header.[0m
[0;32mI (434) main_task: Started on CPU0[0m
[0;32mI (444) main_task: Calling app_main()[0m
[0;32mI (474) MQTT_APP: Other event id:7[0m

assert failed: tcpip_send_msg_wait_sem /IDF/components/lwip/lwip/src/api/tcpip.c:449 (Invalid mbox)


Backtrace: 0x40081a05:0x3ffb8230 0x40086139:0x3ffb8250 0x4008c8bd:0x3ffb8270 0x401010cb:0x3ffb8390 0x4010d952:0x3ffb83c0 0x400ff0d5:0x3ffb8400 0x400dfa09:0x3ffb8490 0x400dfd13:0x3ffb84f0 0x400e023f:0x3ffb8560 0x400e1619:0x3ffb8580 0x4011f7ad:0x3ffb85a0 0x400d96d5:0x3ffb85c0 0x40086ac9:0x3ffb85f0




ELF file SHA256: 7ac63242a

Rebooting...
ets Jul 29 2019 12:21:46

rst:0xc (SW_CPU_RESET),boot:0x13 (SPI_FAST_FLASH_BOOT)
configsip: 0, SPIWP:0xee
clk_drv:0x00,q_drv:0x00,d_drv:0x00,cs0_drv:0x00,hd_drv:0x00,wp_drv:0x00
mode:DIO, clock div:2
load:0x3fff0030,len:7112
load:0x40078000,len:15788
ho 0 tail 12 room 4
load:0x40080400,len:4
load:0x40080404,len:3904
entry 0x40080640
[0;32mI (31) boot: ESP-IDF v5.4-dev-2620-g6673376297 2nd stage bootloader[0m
[0;32mI (31) boot: compile time Sep  1 2024 18:58:24[0m
[0;32mI (33) boot: Multicore bootloader[0m
[0;32mI (37) boot: chip revision: v3.1[0m
[0;32mI (41) boot.esp32: SPI Speed      : 40MHz[0m
[0;32mI (45) boot.esp32: SPI Mode       : DIO[0m
[0;32mI (50) boot.esp32: SPI Flash Size : 2MB[0m
[0;32mI (54) boot: Enabling RNG early entropy source...[0m
[0;32mI (60) boot: Partition Table:[0m
[0;32mI (63) boot: ## Label            Usage          Type ST Offset   Length[0m
[0;32mI (71) boot:  0 nvs              WiFi data        01 02 00009000 00006000[0m
[0;32mI (78) boot:  1 phy_init         RF data          01 01 0000f000 00001000[0m
[0;32mI (86) boot:  2 factory          factory app      00 00 00010000 00100000[0m
[0;32mI (93) boot: End of partition table[0m
[0;32mI (97) esp_image: segment 0: paddr=00010020 vaddr=3f400020 size=1cb2ch (117548) map[0m
[0;32mI (146) esp_image: segment 1: paddr=0002cb54 vaddr=3ffb0000 size=0250ch (  9484) load[0m
[0;32mI (150) esp_image: segment 2: paddr=0002f068 vaddr=40080000 size=00fb0h (  4016) load[0m
[0;32mI (154) esp_image: segment 3: paddr=00030020 vaddr=400d0020 size=530a8h (340136) map[0m
[0;32mI (277) esp_image: segment 4: paddr=000830d0 vaddr=40080fb0 size=0d03ch ( 53308) load[0m
[0;32mI (305) boot: Loaded app from partition at offset 0x10000[0m
[0;32mI (305) boot: Disabling RNG early entropy source...[0m
[0;32mI (317) cpu_start: Multicore app[0m
[0;32mI (326) cpu_start: Pro cpu start user code[0m
[0;32mI (326) cpu_start: cpu freq: 160000000 Hz[0m
[0;32mI (326) app_init: Application information:[0m
[0;32mI (329) app_init: Project name:     irrigacao_inteligente[0m
[0;32mI (335) app_init: App version:      57e0da2-dirty[0m
[0;32mI (340) app_init: Compile time:     Sep  1 2024 18:58:47[0m
[0;32mI (346) app_init: ELF file SHA256:  7ac63242a...[0m
[0;32mI (352) app_init: ESP-IDF:          v5.4-dev-2620-g6673376297[0m
[0;32mI (358) efuse_init: Min chip rev:     v0.0[0m
[0;32mI (363) efuse_init: Max chip rev:     v3.99 [0m
[0;32mI (368) efuse_init: Chip rev:         v3.1[0m
[0;32mI (373) heap_init: Initializing. RAM available for dynamic allocation:[0m
[0;32mI (380) heap_init: At 3FFAE6E0 len 00001920 (6 KiB): DRAM[0m
[0;32mI (386) heap_init: At 3FFB3BA8 len 0002C458 (177 KiB): DRAM[0m
[0;32mI (392) heap_init: At 3FFE0440 len 00003AE0 (14 KiB): D/IRAM[0m
[0;32mI (398) heap_init: At 3FFE4350 len 0001BCB0 (111 KiB): D/IRAM[0m
[0;32mI (405) heap_init: At 4008DFEC len 00012014 (72 KiB): IRAM[0m
[0;32mI (413) spi_flash: detected chip: generic[0m
[0;32mI (416) spi_flash: flash io: dio[0m
[0;33mW (420) spi_flash: Detected size(4096k) larger than the size in the binary image header(2048k). Using the size in the binary image header.[0m
[0;32mI (434) main_task: Started on CPU0[0m
[0;32mI (444) main_task: Calling app_main()[0m
[0;32mI (474) MQTT_APP: Other event id:7[0m

assert failed: tcpip_send_msg_wait_sem /IDF/components/lwip/lwip/src/api/tcpip.c:449 (Invalid mbox)


Backtrace: 0x40081a05:0x3ffb8230 0x40086139:0x3ffb8250 0x4008c8bd:0x3ffb8270 0x401010cb:0x3ffb8390 0x4010d952:0x3ffb83c0 0x400ff0d5:0x3ffb8400 0x400dfa09:0x3ffb8490 0x400dfd13:0x3ffb84f0 0x400e023f:0x3ffb8560 0x400e1619:0x3ffb8580 0x4011f7ad:0x3ffb85a0 0x400d96d5:0x3ffb85c0 0x40086ac9:0x3ffb85f0




ELF file SHA256: 7ac63242a

Rebooting...
ets Jul 29 2019 12:21:46

rst:0xc (SW_CPU_RESET),boot:0x13 (SPI_FAST_FLASH_BOOT)
configsip: 0, SPIWP:0xee
clk_drv:0x00,q_drv:0x00,d_drv:0x00,cs0_drv:0x00,hd_drv:0x00,wp_drv:0x00
mode:DIO, clock div:2
load:0x3fff0030,len:7112
load:0x40078000,len:15788
ho 0 tail 12 room 4
load:0x40080400,len:4
load:0x40080404,len:3904
entry 0x40080640
[0;32mI (31) boot: ESP-IDF v5.4-dev-2620-g6673376297 2nd stage bootloader[0m
[0;32mI (31) boot: compile time Sep  1 2024 18:58:24[0m
[0;32mI (33) boot: Multicore bootloader[0m
[0;32mI (37) boot: chip revision: v3.1[0m
[0;32mI (41) boot.esp32: SPI Speed      : 40MHz[0m
[0;32mI (45) boot.esp32: SPI Mode       : DIO[0m
[0;32mI (50) boot.esp32: SPI Flash Size : 2MB[0m
[0;32mI (54) boot: Enabling RNG early entropy source...[0m
[0;32mI (60) boot: Partition Table:[0m
[0;32mI (63) boot: ## Label            Usage          Type ST Offset   Length[0m
[0;32mI (71) boot:  0 nvs              WiFi data        01 02 00009000 00006000[0m
[0;32mI (78) boot:  1 phy_init         RF data          01 01 0000f000 00001000[0m
[0;32mI (86) boot:  2 factory          factory app      00 00 00010000 00100000[0m
[0;32mI (93) boot: End of partition table[0m
[0;32mI (97) esp_image: segment 0: paddr=00010020 vaddr=3f400020 size=1cb2ch (117548) map[0m
[0;32mI (146) esp_image: segment 1: paddr=0002cb54 vaddr=3ffb0000 size=0250ch (  9484) load[0m
[0;32mI (150) esp_image: segment 2: paddr=0002f068 vaddr=40080000 size=00fb0h (  4016) load[0m
[0;32mI (154) esp_image: segment 3: paddr=00030020 vaddr=400d0020 size=530a8h (340136) map[0m
[0;32mI (277) esp_image: segment 4: paddr=000830d0 vaddr=40080fb0 size=0d03ch ( 53308) load[0m
[0;32mI (305) boot: Loaded app from partition at offset 0x10000[0m
[0;32mI (305) boot: Disabling RNG early entropy source...[0m
[0;32mI (317) cpu_start: Multicore app[0m
[0;32mI (326) cpu_start: Pro cpu start user code[0m
[0;32mI (326) cpu_start: cpu freq: 160000000 Hz[0m
[0;32mI (326) app_init: Application information:[0m
[0;32mI (329) app_init: Project name:     irrigacao_inteligente[0m
[0;32mI (335) app_init: App version:      57e0da2-dirty[0m
[0;32mI (340) app_init: Compile time:     Sep  1 2024 18:58:47[0m
[0;32mI (346) app_init: ELF file SHA256:  7ac63242a...[0m
[0;32mI (352) app_init: ESP-IDF:          v5.4-dev-2620-g6673376297[0m
[0;32mI (358) efuse_init: Min chip rev:     v0.0[0m
[0;32mI (363) efuse_init: Max chip rev:     v3.99 [0m
[0;32mI (368) efuse_init: Chip rev:         v3.1[0m
[0;32mI (373) heap_init: Initializing. RAM available for dynamic allocation:[0m
[0;32mI (380) heap_init: At 3FFAE6E0 len 00001920 (6 KiB): DRAM[0m
[0;32mI (386) heap_init: At 3FFB3BA8 len 0002C458 (177 KiB): DRAM[0m
[0;32mI (392) heap_init: At 3FFE0440 len 00003AE0 (14 KiB): D/IRAM[0m
[0;32mI (398) heap_init: At 3FFE4350 len 0001BCB0 (111 KiB): D/IRAM[0m
[0;32mI (405) heap_init: At 4008DFEC len 00012014 (72 KiB): IRAM[0m
[0;32mI (413) spi_flash: detected chip: generic[0m
[0;32mI (416) spi_flash: flash io: dio[0m
[0;33mW (420) spi_flash: Detected size(4096k) larger than the size in the binary image header(2048k). Using the size in the binary image header.[0m
[0;32mI (434) main_task: Started on CPU0[0m
[0;32mI (444) main_task: Calling app_main()[0m
[0;32mI (474) MQTT_APP: Other event id:7[0m

assert failed: tcpip_send_msg_wait_sem /IDF/components/lwip/lwip/src/api/tcpip.c:449 (Invalid mbox)


Backtrace: 0x40081a05:0x3ffb8230 0x40086139:0x3ffb8250 0x4008c8bd:0x3ffb8270 0x401010cb:0x3ffb8390 0x4010d952:0x3ffb83c0 0x400ff0d5:0x3ffb8400 0x400dfa09:0x3ffb8490 0x400dfd13:0x3ffb84f0 0x400e023f:0x3ffb8560 0x400e1619:0x3ffb8580 0x4011f7ad:0x3ffb85a0 0x400d96d5:0x3ffb85c0 0x40086ac9:0x3ffb85f0




ELF file SHA256: 7ac63242a

Rebooting...
ets Jul 29 2019 12:21:46

rst:0xc (SW_CPU_RESET),boot:0x13 (SPI_FAST_FLASH_BOOT)
configsip: 0, SPIWP:0xee
clk_drv:0x00,q_drv:0x00,d_drv:0x00,cs0_drv:0x00,hd_drv:0x00,wp_drv:0x00
mode:DIO, clock div:2
load:0x3fff0030,len:7112
load:0x40078000,len:15788
ho 0 tail 12 room 4
load:0x40080400,len:4
load:0x40080404,len:3904
entry 0x40080640
[0;32mI (31) boot: ESP-IDF v5.4-dev-2620-g6673376297 2nd stage bootloader[0m
[0;32mI (31) boot: compile time Sep  1 2024 18:58:24[0m
[0;32mI (33) boot: Multicore bootloader[0m
[0;32mI (37) boot: chip revision: v3.1[0m
[0;32mI (41) boot.esp32: SPI Speed      : 40MHz[0m
[0;32mI (45) boot.esp32: SPI Mode       : DIO[0m
[0;32mI (50) boot.esp32: SPI Flash Size : 2MB[0m
[0;32mI (54) boot: Enabling RNG early entropy source...[0m
[0;32mI (60) boot: Partition Table:[0m
[0;32mI (63) boot: ## Label            Usage          Type ST Offset   Length[0m
[0;32mI (71) boot:  0 nvs              WiFi data        01 02 00009000 00006000[0m
[0;32mI (78) boot:  1 phy_init         RF data          01 01 0000f000 00001000[0m
[0;32mI (86) boot:  2 factory          factory app      00 00 00010000 00100000[0m
[0;32mI (93) boot: End of partition table[0m
[0;32mI (97) esp_image: segment 0: paddr=00010020 vaddr=3f400020 size=1cb2ch (117548) map[0m
[0;32mI (146) esp_image: segment 1: paddr=0002cb54 vaddr=3ffb0000 size=0250ch (  9484) load[0m
[0;32mI (150) esp_image: segment 2: paddr=0002f068 vaddr=40080000 size=00fb0h (  4016) load[0m
[0;32mI (154) esp_image: segment 3: paddr=00030020 vaddr=400d0020 size=530a8h (340136) map[0m
[0;32mI (277) esp_image: segment 4: paddr=000830d0 vaddr=40080fb0 size=0d03ch ( 53308) load[0m
[0;32mI (305) boot: Loaded app from partition at offset 0x10000[0m
[0;32mI (305) boot: Disabling RNG early entropy source...[0m
[0;32mI (317) cpu_start: Multicore app[0m
[0;32mI (326) cpu_start: Pro cpu start user code[0m
[0;32mI (326) cpu_start: cpu freq: 160000000 Hz[0m
[0;32mI (326) app_init: Application information:[0m
[0;32mI (329) app_init: Project name:     irrigacao_inteligente[0m
[0;32mI (335) app_init: App version:      57e0da2-dirty[0m
[0;32mI (340) app_init: Compile time:     Sep  1 2024 18:58:47[0m
[0;32mI (346) app_init: ELF file SHA256:  7ac63242a...[0m
[0;32mI (352) app_init: ESP-IDF:          v5.4-dev-2620-g6673376297[0m
[0;32mI (358) efuse_init: Min chip rev:     v0.0[0m
[0;32mI (363) efuse_init: Max chip rev:     v3.99 [0m
[0;32mI (368) efuse_init: Chip rev:         v3.1[0m
[0;32mI (373) heap_init: Initializing. RAM available for dynamic allocation:[0m
[0;32mI (380) heap_init: At 3FFAE6E0 len 00001920 (6 KiB): DRAM[0m
[0;32mI (386) heap_init: At 3FFB3BA8 len 0002C458 (177 KiB): DRAM[0m
[0;32mI (392) heap_init: At 3FFE0440 len 00003AE0 (14 KiB): D/IRAM[0m
[0;32mI (398) heap_init: At 3FFE4350 len 0001BCB0 (111 KiB): D/IRAM[0m
[0;32mI (405) heap_init: At 4008DFEC len 00012014 (72 KiB): IRAM[0m
[0;32mI (413) spi_flash: detected chip: generic[0m
[0;32mI (416) spi_flash: flash io: dio[0m
[0;33mW (420) spi_flash: Detected size(4096k) larger than the size in the binary image header(2048k). Using the size in the binary image header.[0m
[0;32mI (434) main_task: Started on CPU0[0m
[0;32mI (444) main_task: Calling app_main()[0m
[0;32mI (474) MQTT_APP: Other event id:7[0m

assert failed: tcpip_send_msg_wait_sem /IDF/components/lwip/lwip/src/api/tcpip.c:449 (Invalid mbox)


Backtrace: 0x40081a05:0x3ffb8230 0x40086139:0x3ffb8250 0x4008c8bd:0x3ffb8270 0x401010cb:0x3ffb8390 0x4010d952:0x3ffb83c0 0x400ff0d5:0x3ffb8400 0x400dfa09:0x3ffb8490 0x400dfd13:0x3ffb84f0 0x400e023f:0x3ffb8560 0x400e1619:0x3ffb8580 0x4011f7ad:0x3ffb85a0 0x400d96d5:0x3ffb85c0 0x40086ac9:0x3ffb85f0




ELF file SHA256: 7ac63242a

Rebooting...
ets Jul 29 2019 12:21:46

rst:0xc (SW_CPU_RESET),boot:0x13 (SPI_FAST_FLASH_BOOT)
configsip: 0, SPIWP:0xee
clk_drv:0x00,q_drv:0x00,d_drv:0x00,cs0_drv:0x00,hd_drv:0x00,wp_drv:0x00
mode:DIO, clock div:2
load:0x3fff0030,len:7112
load:0x40078000,len:15788
ho 0 tail 12 room 4
load:0x40080400,len:4
load:0x40080404,len:3904
entry 0x40080640
[0;32mI (31) boot: ESP-IDF v5.4-dev-2620-g6673376297 2nd stage bootloader[0m
[0;32mI (31) boot: compile time Sep  1 2024 18:58:24[0m
[0;32mI (33) boot: Multicore bootloader[0m
[0;32mI (37) boot: chip revision: v3.1[0m
[0;32mI (41) boot.esp32: SPI Speed      : 40MHz[0m
[0;32mI (45) boot.esp32: SPI Mode       : DIO[0m
[0;32mI (50) boot.esp32: SPI Flash Size : 2MB[0m
[0;32mI (54) boot: Enabling RNG early entropy source...[0m
[0;32mI (60) boot: Partition Table:[0m
[0;32mI (63) boot: ## Label            Usage          Type ST Offset   Length[0m
[0;32mI (71) boot:  0 nvs              WiFi data        01 02 00009000 00006000[0m
[0;32mI (78) boot:  1 phy_init         RF data          01 01 0000f000 00001000[0m
[0;32mI (86) boot:  2 factory          factory app      00 00 00010000 00100000[0m
[0;32mI (93) boot: End of partition table[0m
[0;32mI (97) esp_image: segment 0: paddr=00010020 vaddr=3f400020 size=1cb2ch (117548) map[0m
[0;32mI (146) esp_image: segment 1: paddr=0002cb54 vaddr=3ffb0000 size=0250ch (  9484) load[0m
[0;32mI (150) esp_image: segment 2: paddr=0002f068 vaddr=40080000 size=00fb0h (  4016) load[0m
[0;32mI (154) esp_image: segment 3: paddr=00030020 vaddr=400d0020 size=530a8h (340136) map[0m
[0;32mI (277) esp_image: segment 4: paddr=000830d0 vaddr=40080fb0 size=0d03ch ( 53308) load[0m
[0;32mI (305) boot: Loaded app from partition at offset 0x10000[0m
[0;32mI (305) boot: Disabling RNG early entropy source...[0m
[0;32mI (317) cpu_start: Multicore app[0m
[0;32mI (326) cpu_start: Pro cpu start user code[0m
[0;32mI (326) cpu_start: cpu freq: 160000000 Hz[0m
[0;32mI (326) app_init: Application information:[0m
[0;32mI (329) app_init: Project name:     irrigacao_inteligente[0m
[0;32mI (335) app_init: App version:      57e0da2-dirty[0m
[0;32mI (340) app_init: Compile time:     Sep  1 2024 18:58:47[0m
[0;32mI (346) app_init: ELF file SHA256:  7ac63242a...[0m
[0;32mI (352) app_init: ESP-IDF:          v5.4-dev-2620-g6673376297[0m
[0;32mI (358) efuse_init: Min chip rev:     v0.0[0m
[0;32mI (363) efuse_init: Max chip rev:     v3.99 [0m
[0;32mI (368) efuse_init: Chip rev:         v3.1[0m
[0;32mI (373) heap_init: Initializing. RAM available for dynamic allocation:[0m
[0;32mI (380) heap_init: At 3FFAE6E0 len 00001920 (6 KiB): DRAM[0m
[0;32mI (386) heap_init: At 3FFB3BA8 len 0002C458 (177 KiB): DRAM[0m
[0;32mI (392) heap_init: At 3FFE0440 len 00003AE0 (14 KiB): D/IRAM[0m
[0;32mI (398) heap_init: At 3FFE4350 len 0001BCB0 (111 KiB): D/IRAM[0m
[0;32mI (405) heap_init: At 4008DFEC len 00012014 (72 KiB): IRAM[0m
[0;32mI (413) spi_flash: detected chip: generic[0m
[0;32mI (416) spi_flash: flash io: dio[0m
[0;33mW (420) spi_flash: Detected size(4096k) larger than the size in the binary image header(2048k). Using the size in the binary image header.[0m
[0;32mI (434) main_task: Started on CPU0[0m
[0;32mI (444) main_task: Calling app_main()[0m
[0;32mI (474) MQTT_APP: Other event id:7[0m

assert failed: tcpip_send_msg_wait_sem /IDF/components/lwip/lwip/src/api/tcpip.c:449 (Invalid mbox)


Backtrace: 0x40081a05:0x3ffb8230 0x40086139:0x3ffb8250 0x4008c8bd:0x3ffb8270 0x401010cb:0x3ffb8390 0x4010d952:0x3ffb83c0 0x400ff0d5:0x3ffb8400 0x400dfa09:0x3ffb8490 0x400dfd13:0x3ffb84f0 0x400e023f:0x3ffb8560 0x400e1619:0x3ffb8580 0x4011f7ad:0x3ffb85a0 0x400d96d5:0x3ffb85c0 0x40086ac9:0x3ffb85f0




ELF file SHA256: 7ac63242a

Rebooting...
ets Jul 29 2019 12:21:46

rst:0xc (SW_CPU_RESET),boot:0x13 (SPI_FAST_FLASH_BOOT)
configsip: 0, SPIWP:0xee
clk_drv:0x00,q_drv:0x00,d_drv:0x00,cs0_drv:0x00,hd_drv:0x00,wp_drv:0x00
mode:DIO, clock div:2
load:0x3fff0030,len:7112
load:0x40078000,len:15788
ho 0 tail 12 room 4
load:0x40080400,len:4
load:0x40080404,len:3904
entry 0x40080640
[0;32mI (31) boot: ESP-IDF v5.4-dev-2620-g6673376297 2nd stage bootloader[0m
[0;32mI (31) boot: compile time Sep  1 2024 18:58:24[0m
[0;32mI (33) boot: Multicore bootloader[0m
[0;32mI (37) boot: chip revision: v3.1[0m
[0;32mI (41) boot.esp32: SPI Speed      : 40MHz[0m
[0;32mI (45) boot.esp32: SPI Mode       : DIO[0m
[0;32mI (50) boot.esp32: SPI Flash Size : 2MB[0m
[0;32mI (54) boot: Enabling RNG early entropy source...[0m
[0;32mI (60) boot: Partition Table:[0m
[0;32mI (63) boot: ## Label            Usage          Type ST Offset   Length[0m
[0;32mI (71) boot:  0 nvs              WiFi data        01 02 00009000 00006000[0m
[0;32mI (78) boot:  1 phy_init         RF data          01 01 0000f000 00001000[0m
[0;32mI (86) boot:  2 factory          factory app      00 00 00010000 00100000[0m
[0;32mI (93) boot: End of partition table[0m
[0;32mI (97) esp_image: segment 0: paddr=00010020 vaddr=3f400020 size=1cb2ch (117548) map[0m
[0;32mI (146) esp_image: segment 1: paddr=0002cb54 vaddr=3ffb0000 size=0250ch (  9484) load[0m
[0;32mI (150) esp_image: segment 2: paddr=0002f068 vaddr=40080000 size=00fb0h (  4016) load[0m
[0;32mI (154) esp_image: segment 3: paddr=00030020 vaddr=400d0020 size=530a8h (340136) map[0m
[0;32mI (277) esp_image: segment 4: paddr=000830d0 vaddr=40080fb0 size=0d03ch ( 53308) load[0m
[0;32mI (305) boot: Loaded app from partition at offset 0x10000[0m
[0;32mI (305) boot: Disabling RNG early entropy source...[0m
[0;32mI (317) cpu_start: Multicore app[0m
[0;32mI (326) cpu_start: Pro cpu start user code[0m
[0;32mI (326) cpu_start: cpu freq: 160000000 Hz[0m
[0;32mI (326) app_init: Application information:[0m
[0;32mI (329) app_init: Project name:     irrigacao_inteligente[0m
[0;32mI (335) app_init: App version:      57e0da2-dirty[0m
[0;32mI (340) app_init: Compile time:     Sep  1 2024 18:58:47[0m
[0;32mI (346) app_init: ELF file SHA256:  7ac63242a...[0m
[0;32mI (352) app_init: ESP-IDF:          v5.4-dev-2620-g6673376297[0m
[0;32mI (358) efuse_init: Min chip rev:     v0.0[0m
[0;32mI (363) efuse_init: Max chip rev:     v3.99 [0m
[0;32mI (368) efuse_init: Chip rev:         v3.1[0m
[0;32mI (373) heap_init: Initializing. RAM available for dynamic allocation:[0m
[0;32mI (380) heap_init: At 3FFAE6E0 len 00001920 (6 KiB): DRAM[0m
[0;32mI (386) heap_init: At 3FFB3BA8 len 0002C458 (177 KiB): DRAM[0m
[0;32mI (392) heap_init: At 3FFE0440 len 00003AE0 (14 KiB): D/IRAM[0m
[0;32mI (398) heap_init: At 3FFE4350 len 0001BCB0 (111 KiB): D/IRAM[0m
[0;32mI (405) heap_init: At 4008DFEC len 00012014 (72 KiB): IRAM[0m
[0;32mI (413) spi_flash: detected chip: generic[0m
[0;32mI (416) spi_flash: flash io: dio[0m
[0;33mW (420) spi_flash: Detected size(4096k) larger than the size in the binary image header(2048k). Using the size in the binary image header.[0m
[0;32mI (434) main_task: Started on CPU0[0m
[0;32mI (444) main_task: Calling app_main()[0m
[0;32mI (474) MQTT_APP: Other event id:7[0m

assert failed: tcpip_send_msg_wait_sem /IDF/components/lwip/lwip/src/api/tcpip.c:449 (Invalid mbox)


Backtrace: 0x40081a05:0x3ffb8230 0x40086139:0x3ffb8250 0x4008c8bd:0x3ffb8270 0x401010cb:0x3ffb8390 0x4010d952:0x3ffb83c0 0x400ff0d5:0x3ffb8400 0x400dfa09:0x3ffb8490 0x400dfd13:0x3ffb84f0 0x400e023f:0x3ffb8560 0x400e1619:0x3ffb8580 0x4011f7ad:0x3ffb85a0 0x400d96d5:0x3ffb85c0 0x40086ac9:0x3ffb85f0




ELF file SHA256: 7ac63242a

Rebooting...
ets Jul 29 2019 12:21:46

rst:0xc (SW_CPU_RESET),boot:0x13 (SPI_FAST_FLASH_BOOT)
configsip: 0, SPIWP:0xee
clk_drv:0x00,q_drv:0x00,d_drv:0x00,cs0_drv:0x00,hd_drv:0x00,wp_drv:0x00
mode:DIO, clock div:2
load:0x3fff0030,len:7112
load:0x40078000,len:15788
ho 0 tail 12 room 4
load:0x40080400,len:4
load:0x40080404,len:3904
entry 0x40080640
[0;32mI (31) boot: ESP-IDF v5.4-dev-2620-g6673376297 2nd stage bootloader[0m
[0;32mI (31) boot: compile time Sep  1 2024 18:58:24[0m
[0;32mI (33) boot: Multicore bootloader[0m
[0;32mI (37) boot: chip revision: v3.1[0m
[0;32mI (41) boot.esp32: SPI Speed      : 40MHz[0m
[0;32mI (45) boot.esp32: SPI Mode       : DIO[0m
[0;32mI (50) boot.esp32: SPI Flash Size : 2MB[0m
[0;32mI (54) boot: Enabling RNG early entropy source...[0m
[0;32mI (60) boot: Partition Table:[0m
[0;32mI (63) boot: ## Label            Usage          Type ST Offset   Length[0m
[0;32mI (71) boot:  0 nvs              WiFi data        01 02 00009000 00006000[0m
[0;32mI (78) boot:  1 phy_init         RF data          01 01 0000f000 00001000[0m
[0;32mI (86) boot:  2 factory          factory app      00 00 00010000 00100000[0m
[0;32mI (93) boot: End of partition table[0m
[0;32mI (97) esp_image: segment 0: paddr=00010020 vaddr=3f400020 size=1cb2ch (117548) map[0m
[0;32mI (146) esp_image: segment 1: paddr=0002cb54 vaddr=3ffb0000 size=0250ch (  9484) load[0m
[0;32mI (150) esp_image: segment 2: paddr=0002f068 vaddr=40080000 size=00fb0h (  4016) load[0m
[0;32mI (154) esp_image: segment 3: paddr=00030020 vaddr=400d0020 size=530a8h (340136) map[0m
[0;32mI (277) esp_image: segment 4: paddr=000830d0 vaddr=40080fb0 size=0d03ch ( 53308) load[0m
[0;32mI (305) boot: Loaded app from partition at offset 0x10000[0m
[0;32mI (305) boot: Disabling RNG early entropy source...[0m
[0;32mI (317) cpu_start: Multicore app[0m
[0;32mI (326) cpu_start: Pro cpu start user code[0m
[0;32mI (326) cpu_start: cpu freq: 160000000 Hz[0m
[0;32mI (326) app_init: Application information:[0m
[0;32mI (329) app_init: Project name:     irrigacao_inteligente[0m
[0;32mI (335) app_init: App version:      57e0da2-dirty[0m
[0;32mI (340) app_init: Compile time:     Sep  1 2024 18:58:47[0m
[0;32mI (346) app_init: ELF file SHA256:  7ac63242a...[0m
[0;32mI (352) app_init: ESP-IDF:          v5.4-dev-2620-g6673376297[0m
[0;32mI (358) efuse_init: Min chip rev:     v0.0[0m
[0;32mI (363) efuse_init: Max chip rev:     v3.99 [0m
[0;32mI (368) efuse_init: Chip rev:         v3.1[0m
[0;32mI (373) heap_init: Initializing. RAM available for dynamic allocation:[0m
[0;32mI (380) heap_init: At 3FFAE6E0 len 00001920 (6 KiB): DRAM[0m
[0;32mI (386) heap_init: At 3FFB3BA8 len 0002C458 (177 KiB): DRAM[0m
[0;32mI (392) heap_init: At 3FFE0440 len 00003AE0 (14 KiB): D/IRAM[0m
[0;32mI (398) heap_init: At 3FFE4350 len 0001BCB0 (111 KiB): D/IRAM[0m
[0;32mI (405) heap_init: At 4008DFEC len 00012014 (72 KiB): IRAM[0m
[0;32mI (413) spi_flash: detected chip: generic[0m
[0;32mI (416) spi_flash: flash io: dio[0m
[0;33mW (420) spi_flash: Detected size(4096k) larger than the size in the binary image header(2048k). Using the size in the binary image header.[0m
[0;32mI (434) main_task: Started on CPU0[0m
[0;32mI (444) main_task: Calling app_main()[0m
[0;32mI (474) MQTT_APP: Other event id:7[0m

assert failed: tcpip_send_msg_wait_sem /IDF/components/lwip/lwip/src/api/tcpip.c:449 (Invalid mbox)


Backtrace: 0x40081a05:0x3ffb8230 0x40086139:0x3ffb8250 0x4008c8bd:0x3ffb8270 0x401010cb:0x3ffb8390 0x4010d952:0x3ffb83c0 0x400ff0d5:0x3ffb8400 0x400dfa09:0x3ffb8490 0x400dfd13:0x3ffb84f0 0x400e023f:0x3ffb8560 0x400e1619:0x3ffb8580 0x4011f7ad:0x3ffb85a0 0x400d96d5:0x3ffb85c0 0x40086ac9:0x3ffb85f0




ELF file SHA256: 7ac63242a

Rebooting...
ets Jul 29 2019 12:21:46

rst:0xc (SW_CPU_RESET),boot:0x13 (SPI_FAST_FLASH_BOOT)
configsip: 0, SPIWP:0xee
clk_drv:0x00,q_drv:0x00,d_drv:0x00,cs0_drv:0x00,hd_drv:0x00,wp_drv:0x00
mode:DIO, clock div:2
load:0x3fff0030,len:7112
load:0x40078000,len:15788
ho 0 tail 12 room 4
load:0x40080400,len:4
load:0x40080404,len:3904
entry 0x40080640
[0;32mI (31) boot: ESP-IDF v5.4-dev-2620-g6673376297 2nd stage bootloader[0m
[0;32mI (31) boot: compile time Sep  1 2024 18:58:24[0m
[0;32mI (33) boot: Multicore bootloader[0m
[0;32mI (37) boot: chip revision: v3.1[0m
[0;32mI (41) boot.esp32: SPI Speed      : 40MHz[0m
[0;32mI (45) boot.esp32: SPI Mode       : DIO[0m
[0;32mI (50) boot.esp32: SPI Flash Size : 2MB[0m
[0;32mI (54) boot: Enabling RNG early entropy source...[0m
[0;32mI (60) boot: Partition Table:[0m
[0;32mI (63) boot: ## Label            Usage          Type ST Offset   Length[0m
[0;32mI (71) boot:  0 nvs              WiFi data        01 02 00009000 00006000[0m
[0;32mI (78) boot:  1 phy_init         RF data          01 01 0000f000 00001000[0m
[0;32mI (86) boot:  2 factory          factory app      00 00 00010000 00100000[0m
[0;32mI (93) boot: End of partition table[0m
[0;32mI (97) esp_image: segment 0: paddr=00010020 vaddr=3f400020 size=1cb2ch (117548) map[0m
[0;32mI (146) esp_image: segment 1: paddr=0002cb54 vaddr=3ffb0000 size=0250ch (  9484) load[0m
[0;32mI (150) esp_image: segment 2: paddr=0002f068 vaddr=40080000 size=00fb0h (  4016) load[0m
[0;32mI (154) esp_image: segment 3: paddr=00030020 vaddr=400d0020 size=530a8h (340136) map[0m
[0;32mI (277) esp_image: segment 4: paddr=000830d0 vaddr=40080fb0 size=0d03ch ( 53308) load[0m
[0;32mI (305) boot: Loaded app from partition at offset 0x10000[0m
[0;32mI (305) boot: Disabling RNG early entropy source...[0m
[0;32mI (317) cpu_start: Multicore app[0m
[0;32mI (326) cpu_start: Pro cpu start user code[0m
[0;32mI (326) cpu_start: cpu freq: 160000000 Hz[0m
[0;32mI (326) app_init: Application information:[0m
[0;32mI (329) app_init: Project name:     irrigacao_inteligente[0m
[0;32mI (335) app_init: App version:      57e0da2-dirty[0m
[0;32mI (340) app_init: Compile time:     Sep  1 2024 18:58:47[0m
[0;32mI (346) app_init: ELF file SHA256:  7ac63242a...[0m
[0;32mI (352) app_init: ESP-IDF:          v5.4-dev-2620-g6673376297[0m
[0;32mI (358) efuse_init: Min chip rev:     v0.0[0m
[0;32mI (363) efuse_init: Max chip rev:     v3.99 [0m
[0;32mI (368) efuse_init: Chip rev:         v3.1[0m
[0;32mI (373) heap_init: Initializing. RAM available for dynamic allocation:[0m
[0;32mI (380) heap_init: At 3FFAE6E0 len 00001920 (6 KiB): DRAM[0m
[0;32mI (386) heap_init: At 3FFB3BA8 len 0002C458 (177 KiB): DRAM[0m
[0;32mI (392) heap_init: At 3FFE0440 len 00003AE0 (14 KiB): D/IRAM[0m
[0;32mI (398) heap_init: At 3FFE4350 len 0001BCB0 (111 KiB): D/IRAM[0m
[0;32mI (405) heap_init: At 4008DFEC len 00012014 (72 KiB): IRAM[0m
[0;32mI (413) spi_flash: detected chip: generic[0m
[0;32mI (416) spi_flash: flash io: dio[0m
[0;33mW (420) spi_flash: Detected size(4096k) larger than the size in the binary image header(2048k). Using the size in the binary image header.[0m
[0;32mI (434) main_task: Started on CPU0[0m
[0;32mI (444) main_task: Calling app_main()[0m
[0;32mI (474) MQTT_APP: Other event id:7[0m

assert failed: tcpip_send_msg_wait_sem /IDF/components/lwip/lwip/src/api/tcpip.c:449 (Invalid mbox)


Backtrace: 0x40081a05:0x3ffb8230 0x40086139:0x3ffb8250 0x4008c8bd:0x3ffb8270 0x401010cb:0x3ffb8390 0x4010d952:0x3ffb83c0 0x400ff0d5:0x3ffb8400 0x400dfa09:0x3ffb8490 0x400dfd13:0x3ffb84f0 0x400e023f:0x3ffb8560 0x400e1619:0x3ffb8580 0x4011f7ad:0x3ffb85a0 0x400d96d5:0x3ffb85c0 0x40086ac9:0x3ffb85f0




ELF file SHA256: 7ac63242a

Rebooting...
ets Jul 29 2019 12:21:46

rst:0xc (SW_CPU_RESET),boot:0x13 (SPI_FAST_FLASH_BOOT)
configsip: 0, SPIWP:0xee
clk_drv:0x00,q_drv:0x00,d_drv:0x00,cs0_drv:0x00,hd_drv:0x00,wp_drv:0x00
mode:DIO, clock div:2
load:0x3fff0030,len:7112
load:0x40078000,len:15788
ho 0 tail 12 room 4
load:0x40080400,len:4
load:0x40080404,len:3904
entry 0x40080640
[0;32mI (31) boot: ESP-IDF v5.4-dev-2620-g6673376297 2nd stage bootloader[0m
[0;32mI (31) boot: compile time Sep  1 2024 18:58:24[0m
[0;32mI (33) boot: Multicore bootloader[0m
[0;32mI (37) boot: chip revision: v3.1[0m
[0;32mI (41) boot.esp32: SPI Speed      : 40MHz[0m
[0;32mI (45) boot.esp32: SPI Mode       : DIO[0m
[0;32mI (50) boot.esp32: SPI Flash Size : 2MB[0m
[0;32mI (54) boot: Enabling RNG early entropy source...[0m
[0;32mI (60) boot: Partition Table:[0m
[0;32mI (63) boot: ## Label            Usage          Type ST Offset   Length[0m
[0;32mI (71) boot:  0 nvs              WiFi data        01 02 00009000 00006000[0m
[0;32mI (78) boot:  1 phy_init         RF data          01 01 0000f000 00001000[0m
[0;32mI (86) boot:  2 factory          factory app      00 00 00010000 00100000[0m
[0;32mI (93) boot: End of partition table[0m
[0;32mI (97) esp_image: segment 0: paddr=00010020 vaddr=3f400020 size=1cb2ch (117548) map[0m
[0;32mI (146) esp_image: segment 1: paddr=0002cb54 vaddr=3ffb0000 size=0250ch (  9484) load[0m
[0;32mI (150) esp_image: segment 2: paddr=0002f068 vaddr=40080000 size=00fb0h (  4016) load[0m
[0;32mI (154) esp_image: segment 3: paddr=00030020 vaddr=400d0020 size=530a8h (340136) map[0m
[0;32mI (277) esp_image: segment 4: paddr=000830d0 vaddr=40080fb0 size=0d03ch ( 53308) load[0m
[0;32mI (305) boot: Loaded app from partition at offset 0x10000[0m
[0;32mI (305) boot: Disabling RNG early entropy source...[0m
[0;32mI (317) cpu_start: Multicore app[0m
[0;32mI (326) cpu_start: Pro cpu start user code[0m
[0;32mI (326) cpu_start: cpu freq: 160000000 Hz[0m
[0;32mI (326) app_init: Application information:[0m
[0;32mI (329) app_init: Project name:     irrigacao_inteligente[0m
[0;32mI (335) app_init: App version:      57e0da2-dirty[0m
[0;32mI (340) app_init: Compile time:     Sep  1 2024 18:58:47[0m
[0;32mI (346) app_init: ELF file SHA256:  7ac63242a...[0m
[0;32mI (352) app_init: ESP-IDF:          v5.4-dev-2620-g6673376297[0m
[0;32mI (358) efuse_init: Min chip rev:     v0.0[0m
[0;32mI (363) efuse_init: Max chip rev:     v3.99 [0m
[0;32mI (368) efuse_init: Chip rev:         v3.1[0m
[0;32mI (373) heap_init: Initializing. RAM available for dynamic allocation:[0m
[0;32mI (380) heap_init: At 3FFAE6E0 len 00001920 (6 KiB): DRAM[0m
[0;32mI (386) heap_init: At 3FFB3BA8 len 0002C458 (177 KiB): DRAM[0m
[0;32mI (392) heap_init: At 3FFE0440 len 00003AE0 (14 KiB): D/IRAM[0m
[0;32mI (398) heap_init: At 3FFE4350 len 0001BCB0 (111 KiB): D/IRAM[0m
[0;32mI (405) heap_init: At 4008DFEC len 00012014 (72 KiB): IRAM[0m
[0;32mI (413) spi_flash: detected chip: generic[0m
[0;32mI (416) spi_flash: flash io: dio[0m
[0;33mW (420) spi_flash: Detected size(4096k) larger than the size in the binary image header(2048k). Using the size in the binary image header.[0m
[0;32mI (434) main_task: Started on CPU0[0m
[0;32mI (444) main_task: Calling app_main()[0m
[0;32mI (474) MQTT_APP: Other event id:7[0m

assert failed: tcpip_send_msg_wait_sem /IDF/components/lwip/lwip/src/api/tcpip.c:449 (Invalid mbox)


Backtrace: 0x40081a05:0x3ffb8230 0x40086139:0x3ffb8250 0x4008c8bd:0x3ffb8270 0x401010cb:0x3ffb8390 0x4010d952:0x3ffb83c0 0x400ff0d5:0x3ffb8400 0x400dfa09:0x3ffb8490 0x400dfd13:0x3ffb84f0 0x400e023f:0x3ffb8560 0x400e1619:0x3ffb8580 0x4011f7ad:0x3ffb85a0 0x400d96d5:0x3ffb85c0 0x40086ac9:0x3ffb85f0




ELF file SHA256: 7ac63242a

Rebooting...
ets Jul 29 2019 12:21:46

rst:0xc (SW_CPU_RESET),boot:0x13 (SPI_FAST_FLASH_BOOT)
configsip: 0, SPIWP:0xee
clk_drv:0x00,q_drv:0x00,d_drv:0x00,cs0_drv:0x00,hd_drv:0x00,wp_drv:0x00
mode:DIO, clock div:2
load:0x3fff0030,len:7112
load:0x40078000,len:15788
ho 0 tail 12 room 4
load:0x40080400,len:4
load:0x40080404,len:3904
entry 0x40080640
[0;32mI (31) boot: ESP-IDF v5.4-dev-2620-g6673376297 2nd stage bootloader[0m
[0;32mI (31) boot: compile time Sep  1 2024 18:58:24[0m
[0;32mI (33) boot: Multicore bootloader[0m
[0;32mI (37) boot: chip revision: v3.1[0m
[0;32mI (41) boot.esp32: SPI Speed      : 40MHz[0m
[0;32mI (45) boot.esp32: SPI Mode       : DIO[0m
[0;32mI (50) boot.esp32: SPI Flash Size : 2MB[0m
[0;32mI (54) boot: Enabling RNG early entropy source...[0m
[0;32mI (60) boot: Partition Table:[0m
[0;32mI (63) boot: ## Label            Usage          Type ST Offset   Length[0m
[0;32mI (71) boot:  0 nvs              WiFi data        01 02 00009000 00006000[0m
[0;32mI (78) boot:  1 phy_init         RF data          01 01 0000f000 00001000[0m
[0;32mI (86) boot:  2 factory          factory app      00 00 00010000 00100000[0m
[0;32mI (93) boot: End of partition table[0m
[0;32mI (97) esp_image: segment 0: paddr=00010020 vaddr=3f400020 size=1cb2ch (117548) map[0m
[0;32mI (146) esp_image: segment 1: paddr=0002cb54 vaddr=3ffb0000 size=0250ch (  9484) load[0m
[0;32mI (150) esp_image: segment 2: paddr=0002f068 vaddr=40080000 size=00fb0h (  4016) load[0m
[0;32mI (154) esp_image: segment 3: paddr=00030020 vaddr=400d0020 size=530a8h (340136) map[0m
[0;32mI (277) esp_image: segment 4: paddr=000830d0 vaddr=40080fb0 size=0d03ch ( 53308) load[0m
[0;32mI (305) boot: Loaded app from partition at offset 0x10000[0m
[0;32mI (305) boot: Disabling RNG early entropy source...[0m
[0;32mI (317) cpu_start: Multicore app[0m
[0;32mI (326) cpu_start: Pro cpu start user code[0m
[0;32mI (326) cpu_start: cpu freq: 160000000 Hz[0m
[0;32mI (326) app_init: Application information:[0m
[0;32mI (329) app_init: Project name:     irrigacao_inteligente[0m
[0;32mI (335) app_init: App version:      57e0da2-dirty[0m
[0;32mI (340) app_init: Compile time:     Sep  1 2024 18:58:47[0m
[0;32mI (346) app_init: ELF file SHA256:  7ac63242a...[0m
[0;32mI (352) app_init: ESP-IDF:          v5.4-dev-2620-g6673376297[0m
[0;32mI (358) efuse_init: Min chip rev:     v0.0[0m
[0;32mI (363) efuse_init: Max chip rev:     v3.99 [0m
[0;32mI (368) efuse_init: Chip rev:         v3.1[0m
[0;32mI (373) heap_init: Initializing. RAM available for dynamic allocation:[0m
[0;32mI (380) heap_init: At 3FFAE6E0 len 00001920 (6 KiB): DRAM[0m
[0;32mI (386) heap_init: At 3FFB3BA8 len 0002C458 (177 KiB): DRAM[0m
[0;32mI (392) heap_init: At 3FFE0440 len 00003AE0 (14 KiB): D/IRAM[0m
[0;32mI (398) heap_init: At 3FFE4350 len 0001BCB0 (111 KiB): D/IRAM[0m
[0;32mI (405) heap_init: At 4008DFEC len 00012014 (72 KiB): IRAM[0m
[0;32mI (413) spi_flash: detected chip: generic[0m
[0;32mI (416) spi_flash: flash io: dio[0m
[0;33mW (420) spi_flash: Detected size(4096k) larger than the size in the binary image header(2048k). Using the size in the binary image header.[0m
[0;32mI (434) main_task: Started on CPU0[0m
[0;32mI (444) main_task: Calling app_main()[0m
[0;32mI (474) MQTT_APP: Other event id:7[0m

assert failed: tcpip_send_msg_wait_sem /IDF/components/lwip/lwip/src/api/tcpip.c:449 (Invalid mbox)


Backtrace: 0x40081a05:0x3ffb8230 0x40086139:0x3ffb8250 0x4008c8bd:0x3ffb8270 0x401010cb:0x3ffb8390 0x4010d952:0x3ffb83c0 0x400ff0d5:0x3ffb8400 0x400dfa09:0x3ffb8490 0x400dfd13:0x3ffb84f0 0x400e023f:0x3ffb8560 0x400e1619:0x3ffb8580 0x4011f7ad:0x3ffb85a0 0x400d96d5:0x3ffb85c0 0x40086ac9:0x3ffb85f0




ELF file SHA256: 7ac63242a

Rebooting...
ets Jul 29 2019 12:21:46

rst:0xc (SW_CPU_RESET),boot:0x13 (SPI_FAST_FLASH_BOOT)
configsip: 0, SPIWP:0xee
clk_drv:0x00,q_drv:0x00,d_drv:0x00,cs0_drv:0x00,hd_drv:0x00,wp_drv:0x00
mode:DIO, clock div:2
load:0x3fff0030,len:7112
load:0x40078000,len:15788
ho 0 tail 12 room 4
load:0x40080400,len:4
load:0x40080404,len:3904
entry 0x40080640
[0;32mI (31) boot: ESP-IDF v5.4-dev-2620-g6673376297 2nd stage bootloader[0m
[0;32mI (31) boot: compile time Sep  1 2024 18:58:24[0m
[0;32mI (33) boot: Multicore bootloader[0m
[0;32mI (37) boot: chip revision: v3.1[0m
[0;32mI (41) boot.esp32: SPI Speed      : 40MHz[0m
[0;32mI (45) boot.esp32: SPI Mode       : DIO[0m
[0;32mI (50) boot.esp32: SPI Flash Size : 2MB[0m
[0;32mI (54) boot: Enabling RNG early entropy source...[0m
[0;32mI (60) boot: Partition Table:[0m
[0;32mI (63) boot: ## Label            Usage          Type ST Offset   Length[0m
[0;32mI (71) boot:  0 nvs              WiFi data        01 02 00009000 00006000[0m
[0;32mI (78) boot:  1 phy_init         RF data          01 01 0000f000 00001000[0m
[0;32mI (86) boot:  2 factory          factory app      00 00 00010000 00100000[0m
[0;32mI (93) boot: End of partition table[0m
[0;32mI (97) esp_image: segment 0: paddr=00010020 vaddr=3f400020 size=1cb2ch (117548) map[0m
[0;32mI (146) esp_image: segment 1: paddr=0002cb54 vaddr=3ffb0000 size=0250ch (  9484) load[0m
[0;32mI (150) esp_image: segment 2: paddr=0002f068 vaddr=40080000 size=00fb0h (  4016) load[0m
[0;32mI (154) esp_image: segment 3: paddr=00030020 vaddr=400d0020 size=530a8h (340136) map[0m
[0;32mI (277) esp_image: segment 4: paddr=000830d0 vaddr=40080fb0 size=0d03ch ( 53308) load[0m
[0;32mI (305) boot: Loaded app from partition at offset 0x10000[0m
[0;32mI (305) boot: Disabling RNG early entropy source...[0m
[0;32mI (317) cpu_start: Multicore app[0m
[0;32mI (326) cpu_start: Pro cpu start user code[0m
[0;32mI (326) cpu_start: cpu freq: 160000000 Hz[0m
[0;32mI (326) app_init: Application information:[0m
[0;32mI (329) app_init: Project name:     irrigacao_inteligente[0m
[0;32mI (335) app_init: App version:      57e0da2-dirty[0m
[0;32mI (340) app_init: Compile time:     Sep  1 2024 18:58:47[0m
[0;32mI (346) app_init: ELF file SHA256:  7ac63242a...[0m
[0;32mI (352) app_init: ESP-IDF:          v5.4-dev-2620-g6673376297[0m
[0;32mI (358) efuse_init: Min chip rev:     v0.0[0m
[0;32mI (363) efuse_init: Max chip rev:     v3.99 [0m
[0;32mI (368) efuse_init: Chip rev:         v3.1[0m
[0;32mI (373) heap_init: Initializing. RAM available for dynamic allocation:[0m
[0;32mI (380) heap_init: At 3FFAE6E0 len 00001920 (6 KiB): DRAM[0m
[0;32mI (386) heap_init: At 3FFB3BA8 len 0002C458 (177 KiB): DRAM[0m
[0;32mI (392) heap_init: At 3FFE0440 len 00003AE0 (14 KiB): D/IRAM[0m
[0;32mI (398) heap_init: At 3FFE4350 len 0001BCB0 (111 KiB): D/IRAM[0m
[0;32mI (405) heap_init: At 4008DFEC len 00012014 (72 KiB): IRAM[0m
[0;32mI (413) spi_flash: detected chip: generic[0m
[0;32mI (416) spi_flash: flash io: dio[0m
[0;33mW (420) spi_flash: Detected size(4096k) larger than the size in the binary image header(2048k). Using the size in the binary image header.[0m
[0;32mI (434) main_task: Started on CPU0[0m
[0;32mI (444) main_task: Calling app_main()[0m
[0;32mI (474) MQTT_APP: Other event id:7[0m

assert failed: tcpip_send_msg_wait_sem /IDF/components/lwip/lwip/src/api/tcpip.c:449 (Invalid mbox)


Backtrace: 0x40081a05:0x3ffb8230 0x40086139:0x3ffb8250 0x4008c8bd:0x3ffb8270 0x401010cb:0x3ffb8390 0x4010d952:0x3ffb83c0 0x400ff0d5:0x3ffb8400 0x400dfa09:0x3ffb8490 0x400dfd13:0x3ffb84f0 0x400e023f:0x3ffb8560 0x400e1619:0x3ffb8580 0x4011f7ad:0x3ffb85a0 0x400d96d5:0x3ffb85c0 0x40086ac9:0x3ffb85f0




ELF file SHA256: 7ac63242a

Rebooting...
ets Jul 29 2019 12:21:46

rst:0xc (SW_CPU_RESET),boot:0x13 (SPI_FAST_FLASH_BOOT)
configsip: 0, SPIWP:0xee
clk_drv:0x00,q_drv:0x00,d_drv:0x00,cs0_drv:0x00,hd_drv:0x00,wp_drv:0x00
mode:DIO, clock div:2
load:0x3fff0030,len:7112
load:0x40078000,len:15788
ho 0 tail 12 room 4
load:0x40080400,len:4
load:0x40080404,len:3904
entry 0x40080640
[0;32mI (31) boot: ESP-IDF v5.4-dev-2620-g6673376297 2nd stage bootloader[0m
[0;32mI (31) boot: compile time Sep  1 2024 18:58:24[0m
[0;32mI (33) boot: Multicore bootloader[0m
[0;32mI (37) boot: chip revision: v3.1[0m
[0;32mI (41) boot.esp32: SPI Speed      : 40MHz[0m
[0;32mI (45) boot.esp32: SPI Mode       : DIO[0m
[0;32mI (50) boot.esp32: SPI Flash Size : 2MB[0m
[0;32mI (54) boot: Enabling RNG early entropy source...[0m
[0;32mI (60) boot: Partition Table:[0m
[0;32mI (63) boot: ## Label            Usage          Type ST Offset   Length[0m
[0;32mI (71) boot:  0 nvs              WiFi data        01 02 00009000 00006000[0m
[0;32mI (78) boot:  1 phy_init         RF data          01 01 0000f000 00001000[0m
[0;32mI (86) boot:  2 factory          factory app      00 00 00010000 00100000[0m
[0;32mI (93) boot: End of partition table[0m
[0;32mI (97) esp_image: segment 0: paddr=00010020 vaddr=3f400020 size=1cb2ch (117548) map[0m
[0;32mI (146) esp_image: segment 1: paddr=0002cb54 vaddr=3ffb0000 size=0250ch (  9484) load[0m
[0;32mI (150) esp_image: segment 2: paddr=0002f068 vaddr=40080000 size=00fb0h (  4016) load[0m
[0;32mI (154) esp_image: segment 3: paddr=00030020 vaddr=400d0020 size=530a8h (340136) map[0m
[0;32mI (277) esp_image: segment 4: paddr=000830d0 vaddr=40080fb0 size=0d03ch ( 53308) load[0m
[0;32mI (305) boot: Loaded app from partition at offset 0x10000[0m
[0;32mI (305) boot: Disabling RNG early entropy source...[0m
[0;32mI (317) cpu_start: Multicore app[0m
[0;32mI (326) cpu_start: Pro cpu start user code[0m
[0;32mI (326) cpu_start: cpu freq: 160000000 Hz[0m
[0;32mI (326) app_init: Application information:[0m
[0;32mI (329) app_init: Project name:     irrigacao_inteligente[0m
[0;32mI (335) app_init: App version:      57e0da2-dirty[0m
[0;32mI (340) app_init: Compile time:     Sep  1 2024 18:58:47[0m
[0;32mI (346) app_init: ELF file SHA256:  7ac63242a...[0m
[0;32mI (352) app_init: ESP-IDF:          v5.4-dev-2620-g6673376297[0m
[0;32mI (358) efuse_init: Min chip rev:     v0.0[0m
[0;32mI (363) efuse_init: Max chip rev:     v3.99 [0m
[0;32mI (368) efuse_init: Chip rev:         v3.1[0m
[0;32mI (373) heap_init: Initializing. RAM available for dynamic allocation:[0m
[0;32mI (380) heap_init: At 3FFAE6E0 len 00001920 (6 KiB): DRAM[0m
[0;32mI (386) heap_init: At 3FFB3BA8 len 0002C458 (177 KiB): DRAM[0m
[0;32mI (392) heap_init: At 3FFE0440 len 00003AE0 (14 KiB): D/IRAM[0m
[0;32mI (398) heap_init: At 3FFE4350 len 0001BCB0 (111 KiB): D/IRAM[0m
[0;32mI (405) heap_init: At 4008DFEC len 00012014 (72 KiB): IRAM[0m
[0;32mI (413) spi_flash: detected chip: generic[0m
[0;32mI (416) spi_flash: flash io: dio[0m
[0;33mW (420) spi_flash: Detected size(4096k) larger than the size in the binary image header(2048k). Using the size in the binary image header.[0m
[0;32mI (434) main_task: Started on CPU0[0m
[0;32mI (444) main_task: Calling app_main()[0m
[0;32mI (474) MQTT_APP: Other event id:7[0m

assert failed: tcpip_send_msg_wait_sem /IDF/components/lwip/lwip/src/api/tcpip.c:449 (Invalid mbox)


Backtrace: 0x40081a05:0x3ffb8230 0x40086139:0x3ffb8250 0x4008c8bd:0x3ffb8270 0x401010cb:0x3ffb8390 0x4010d952:0x3ffb83c0 0x400ff0d5:0x3ffb8400 0x400dfa09:0x3ffb8490 0x400dfd13:0x3ffb84f0 0x400e023f:0x3ffb8560 0x400e1619:0x3ffb8580 0x4011f7ad:0x3ffb85a0 0x400d96d5:0x3ffb85c0 0x40086ac9:0x3ffb85f0




ELF file SHA256: 7ac63242a

Rebooting...
ets Jul 29 2019 12:21:46

rst:0xc (SW_CPU_RESET),boot:0x13 (SPI_FAST_FLASH_BOOT)
configsip: 0, SPIWP:0xee
clk_drv:0x00,q_drv:0x00,d_drv:0x00,cs0_drv:0x00,hd_drv:0x00,wp_drv:0x00
mode:DIO, clock div:2
load:0x3fff0030,len:7112
load:0x40078000,len:15788
ho 0 tail 12 room 4
load:0x40080400,len:4
load:0x40080404,len:3904
entry 0x40080640
[0;32mI (31) boot: ESP-IDF v5.4-dev-2620-g6673376297 2nd stage bootloader[0m
[0;32mI (31) boot: compile time Sep  1 2024 18:58:24[0m
[0;32mI (33) boot: Multicore bootloader[0m
[0;32mI (37) boot: chip revision: v3.1[0m
[0;32mI (41) boot.esp32: SPI Speed      : 40MHz[0m
[0;32mI (45) boot.esp32: SPI Mode       : DIO[0m
[0;32mI (50) boot.esp32: SPI Flash Size : 2MB[0m
[0;32mI (54) boot: Enabling RNG early entropy source...[0m
[0;32mI (60) boot: Partition Table:[0m
[0;32mI (63) boot: ## Label            Usage          Type ST Offset   Length[0m
[0;32mI (71) boot:  0 nvs              WiFi data        01 02 00009000 00006000[0m
[0;32mI (78) boot:  1 phy_init         RF data          01 01 0000f000 00001000[0m
[0;32mI (86) boot:  2 factory          factory app      00 00 00010000 00100000[0m
[0;32mI (93) boot: End of partition table[0m
[0;32mI (97) esp_image: segment 0: paddr=00010020 vaddr=3f400020 size=1cb2ch (117548) map[0m
[0;32mI (146) esp_image: segment 1: paddr=0002cb54 vaddr=3ffb0000 size=0250ch (  9484) load[0m
[0;32mI (150) esp_image: segment 2: paddr=0002f068 vaddr=40080000 size=00fb0h (  4016) load[0m
[0;32mI (154) esp_image: segment 3: paddr=00030020 vaddr=400d0020 size=530a8h (340136) map[0m
[0;32mI (277) esp_image: segment 4: paddr=000830d0 vaddr=40080fb0 size=0d03ch ( 53308) load[0m
[0;32mI (305) boot: Loaded app from partition at offset 0x10000[0m
[0;32mI (305) boot: Disabling RNG early entropy source...[0m
[0;32mI (317) cpu_start: Multicore app[0m
[0;32mI (326) cpu_start: Pro cpu start user code[0m
[0;32mI (326) cpu_start: cpu freq: 160000000 Hz[0m
[0;32mI (326) app_init: Application information:[0m
[0;32mI (329) app_init: Project name:     irrigacao_inteligente[0m
[0;32mI (335) app_init: App version:      57e0da2-dirty[0m
[0;32mI (340) app_init: Compile time:     Sep  1 2024 18:58:47[0m
[0;32mI (346) app_init: ELF file SHA256:  7ac63242a...[0m
[0;32mI (352) app_init: ESP-IDF:          v5.4-dev-2620-g6673376297[0m
[0;32mI (358) efuse_init: Min chip rev:     v0.0[0m
[0;32mI (363) efuse_init: Max chip rev:     v3.99 [0m
[0;32mI (368) efuse_init: Chip rev:         v3.1[0m
[0;32mI (373) heap_init: Initializing. RAM available for dynamic allocation:[0m
[0;32mI (380) heap_init: At 3FFAE6E0 len 00001920 (6 KiB): DRAM[0m
[0;32mI (386) heap_init: At 3FFB3BA8 len 0002C458 (177 KiB): DRAM[0m
[0;32mI (392) heap_init: At 3FFE0440 len 00003AE0 (14 KiB): D/IRAM[0m
[0;32mI (398) heap_init: At 3FFE4350 len 0001BCB0 (111 KiB): D/IRAM[0m
[0;32mI (405) heap_init: At 4008DFEC len 00012014 (72 KiB): IRAM[0m
[0;32mI (413) spi_flash: detected chip: generic[0m
[0;32mI (416) spi_flash: flash io: dio[0m
[0;33mW (420) spi_flash: Detected size(4096k) larger than the size in the binary image header(2048k). Using the size in the binary image header.[0m
[0;32mI (434) main_task: Started on CPU0[0m
[0;32mI (444) main_task: Calling app_main()[0m
[0;32mI (474) MQTT_APP: Other event id:7[0m

assert failed: tcpip_send_msg_wait_sem /IDF/components/lwip/lwip/src/api/tcpip.c:449 (Invalid mbox)


Backtrace: 0x40081a05:0x3ffb8230 0x40086139:0x3ffb8250 0x4008c8bd:0x3ffb8270 0x401010cb:0x3ffb8390 0x4010d952:0x3ffb83c0 0x400ff0d5:0x3ffb8400 0x400dfa09:0x3ffb8490 0x400dfd13:0x3ffb84f0 0x400e023f:0x3ffb8560 0x400e1619:0x3ffb8580 0x4011f7ad:0x3ffb85a0 0x400d96d5:0x3ffb85c0 0x40086ac9:0x3ffb85f0




ELF file SHA256: 7ac63242a

Rebooting...
ets Jul 29 2019 12:21:46

rst:0xc (SW_CPU_RESET),boot:0x13 (SPI_FAST_FLASH_BOOT)
configsip: 0, SPIWP:0xee
clk_drv:0x00,q_drv:0x00,d_drv:0x00,cs0_drv:0x00,hd_drv:0x00,wp_drv:0x00
mode:DIO, clock div:2
load:0x3fff0030,len:7112
load:0x40078000,len:15788
ho 0 tail 12 room 4
load:0x40080400,len:4
load:0x40080404,len:3904
entry 0x40080640
[0;32mI (31) boot: ESP-IDF v5.4-dev-2620-g6673376297 2nd stage bootloader[0m
[0;32mI (31) boot: compile time Sep  1 2024 18:58:24[0m
[0;32mI (33) boot: Multicore bootloader[0m
[0;32mI (37) boot: chip revision: v3.1[0m
[0;32mI (41) boot.esp32: SPI Speed      : 40MHz[0m
[0;32mI (45) boot.esp32: SPI Mode       : DIO[0m
[0;32mI (50) boot.esp32: SPI Flash Size : 2MB[0m
[0;32mI (54) boot: Enabling RNG early entropy source...[0m
[0;32mI (60) boot: Partition Table:[0m
[0;32mI (63) boot: ## Label            Usage          Type ST Offset   Length[0m
[0;32mI (71) boot:  0 nvs              WiFi data        01 02 00009000 00006000[0m
[0;32mI (78) boot:  1 phy_init         RF data          01 01 0000f000 00001000[0m
[0;32mI (86) boot:  2 factory          factory app      00 00 00010000 00100000[0m
[0;32mI (93) boot: End of partition table[0m
[0;32mI (97) esp_image: segment 0: paddr=00010020 vaddr=3f400020 size=1cb2ch (117548) map[0m
[0;32mI (146) esp_image: segment 1: paddr=0002cb54 vaddr=3ffb0000 size=0250ch (  9484) load[0m
[0;32mI (150) esp_image: segment 2: paddr=0002f068 vaddr=40080000 size=00fb0h (  4016) load[0m
[0;32mI (154) esp_image: segment 3: paddr=00030020 vaddr=400d0020 size=530a8h (340136) map[0m
[0;32mI (277) esp_image: segment 4: paddr=000830d0 vaddr=40080fb0 size=0d03ch ( 53308) load[0m
[0;32mI (305) boot: Loaded app from partition at offset 0x10000[0m
[0;32mI (305) boot: Disabling RNG early entropy source...[0m
[0;32mI (317) cpu_start: Multicore app[0m
[0;32mI (326) cpu_start: Pro cpu start user code[0m
[0;32mI (326) cpu_start: cpu freq: 160000000 Hz[0m
[0;32mI (326) app_init: Application information:[0m
[0;32mI (329) app_init: Project name:     irrigacao_inteligente[0m
[0;32mI (335) app_init: App version:      57e0da2-dirty[0m
[0;32mI (340) app_init: Compile time:     Sep  1 2024 18:58:47[0m
[0;32mI (346) app_init: ELF file SHA256:  7ac63242a...[0m
[0;32mI (352) app_init: ESP-IDF:          v5.4-dev-2620-g6673376297[0m
[0;32mI (358) efuse_init: Min chip rev:     v0.0[0m
[0;32mI (363) efuse_init: Max chip rev:     v3.99 [0m
[0;32mI (368) efuse_init: Chip rev:         v3.1[0m
[0;32mI (373) heap_init: Initializing. RAM available for dynamic allocation:[0m
[0;32mI (380) heap_init: At 3FFAE6E0 len 00001920 (6 KiB): DRAM[0m
[0;32mI (386) heap_init: At 3FFB3BA8 len 0002C458 (177 KiB): DRAM[0m
[0;32mI (392) heap_init: At 3FFE0440 len 00003AE0 (14 KiB): D/IRAM[0m
[0;32mI (398) heap_init: At 3FFE4350 len 0001BCB0 (111 KiB): D/IRAM[0m
[0;32mI (405) heap_init: At 4008DFEC len 00012014 (72 KiB): IRAM[0m
[0;32mI (413) spi_flash: detected chip: generic[0m
[0;32mI (416) spi_flash: flash io: dio[0m
[0;33mW (420) spi_flash: Detected size(4096k) larger than the size in the binary image header(2048k). Using the size in the binary image header.[0m
[0;32mI (434) main_task: Started on CPU0[0m
[0;32mI (444) main_task: Calling app_main()[0m
[0;32mI (474) MQTT_APP: Other event id:7[0m

assert failed: tcpip_send_msg_wait_sem /IDF/components/lwip/lwip/src/api/tcpip.c:449 (Invalid mbox)


Backtrace: 0x40081a05:0x3ffb8230 0x40086139:0x3ffb8250 0x4008c8bd:0x3ffb8270 0x401010cb:0x3ffb8390 0x4010d952:0x3ffb83c0 0x400ff0d5:0x3ffb8400 0x400dfa09:0x3ffb8490 0x400dfd13:0x3ffb84f0 0x400e023f:0x3ffb8560 0x400e1619:0x3ffb8580 0x4011f7ad:0x3ffb85a0 0x400d96d5:0x3ffb85c0 0x40086ac9:0x3ffb85f0




ELF file SHA256: 7ac63242a

Rebooting...
ets Jul 29 2019 12:21:46

rst:0xc (SW_CPU_RESET),boot:0x13 (SPI_FAST_FLASH_BOOT)
configsip: 0, SPIWP:0xee
clk_drv:0x00,q_drv:0x00,d_drv:0x00,cs0_drv:0x00,hd_drv:0x00,wp_drv:0x00
mode:DIO, clock div:2
load:0x3fff0030,len:7112
load:0x40078000,len:15788
ho 0 tail 12 room 4
load:0x40080400,len:4
load:0x40080404,len:3904
entry 0x40080640
[0;32mI (31) boot: ESP-IDF v5.4-dev-2620-g6673376297 2nd stage bootloader[0m
[0;32mI (31) boot: compile time Sep  1 2024 18:58:24[0m
[0;32mI (33) boot: Multicore bootloader[0m
[0;32mI (37) boot: chip revision: v3.1[0m
[0;32mI (41) boot.esp32: SPI Speed      : 40MHz[0m
[0;32mI (45) boot.esp32: SPI Mode       : DIO[0m
[0;32mI (50) boot.esp32: SPI Flash Size : 2MB[0m
[0;32mI (54) boot: Enabling RNG early entropy source...[0m
[0;32mI (60) boot: Partition Table:[0m
[0;32mI (63) boot: ## Label            Usage          Type ST Offset   Length[0m
[0;32mI (71) boot:  0 nvs              WiFi data        01 02 00009000 00006000[0m
[0;32mI (78) boot:  1 phy_init         RF data          01 01 0000f000 00001000[0m
[0;32mI (86) boot:  2 factory          factory app      00 00 00010000 00100000[0m
[0;32mI (93) boot: End of partition table[0m
[0;32mI (97) esp_image: segment 0: paddr=00010020 vaddr=3f400020 size=1cb2ch (117548) map[0m
[0;32mI (146) esp_image: segment 1: paddr=0002cb54 vaddr=3ffb0000 size=0250ch (  9484) load[0m
[0;32mI (150) esp_image: segment 2: paddr=0002f068 vaddr=40080000 size=00fb0h (  4016) load[0m
[0;32mI (154) esp_image: segment 3: paddr=00030020 vaddr=400d0020 size=530a8h (340136) map[0m
[0;32mI (277) esp_image: segment 4: paddr=000830d0 vaddr=40080fb0 size=0d03ch ( 53308) load[0m
[0;32mI (305) boot: Loaded app from partition at offset 0x10000[0m
[0;32mI (305) boot: Disabling RNG early entropy source...[0m
[0;32mI (317) cpu_start: Multicore app[0m
[0;32mI (326) cpu_start: Pro cpu start user code[0m
[0;32mI (326) cpu_start: cpu freq: 160000000 Hz[0m
[0;32mI (326) app_init: Application information:[0m
[0;32mI (329) app_init: Project name:     irrigacao_inteligente[0m
[0;32mI (335) app_init: App version:      57e0da2-dirty[0m
[0;32mI (340) app_init: Compile time:     Sep  1 2024 18:58:47[0m
[0;32mI (346) app_init: ELF file SHA256:  7ac63242a...[0m
[0;32mI (352) app_init: ESP-IDF:          v5.4-dev-2620-g6673376297[0m
[0;32mI (358) efuse_init: Min chip rev:     v0.0[0m
[0;32mI (363) efuse_init: Max chip rev:     v3.99 [0m
[0;32mI (368) efuse_init: Chip rev:         v3.1[0m
[0;32mI (373) heap_init: Initializing. RAM available for dynamic allocation:[0m
[0;32mI (380) heap_init: At 3FFAE6E0 len 00001920 (6 KiB): DRAM[0m
[0;32mI (386) heap_init: At 3FFB3BA8 len 0002C458 (177 KiB): DRAM[0m
[0;32mI (392) heap_init: At 3FFE0440 len 00003AE0 (14 KiB): D/IRAM[0m
[0;32mI (398) heap_init: At 3FFE4350 len 0001BCB0 (111 KiB): D/IRAM[0m
[0;32mI (405) heap_init: At 4008DFEC len 00012014 (72 KiB): IRAM[0m
[0;32mI (413) spi_flash: detected chip: generic[0m
[0;32mI (416) spi_flash: flash io: dio[0m
[0;33mW (420) spi_flash: Detected size(4096k) larger than the size in the binary image header(2048k). Using the size in the binary image header.[0m
[0;32mI (434) main_task: Started on CPU0[0m
[0;32mI (444) main_task: Calling app_main()[0m
[0;32mI (474) MQTT_APP: Other event id:7[0m

assert failed: tcpip_send_msg_wait_sem /IDF/components/lwip/lwip/src/api/tcpip.c:449 (Invalid mbox)


Backtrace: 0x40081a05:0x3ffb8230 0x40086139:0x3ffb8250 0x4008c8bd:0x3ffb8270 0x401010cb:0x3ffb8390 0x4010d952:0x3ffb83c0 0x400ff0d5:0x3ffb8400 0x400dfa09:0x3ffb8490 0x400dfd13:0x3ffb84f0 0x400e023f:0x3ffb8560 0x400e1619:0x3ffb8580 0x4011f7ad:0x3ffb85a0 0x400d96d5:0x3ffb85c0 0x40086ac9:0x3ffb85f0




ELF file SHA256: 7ac63242a

Rebooting...
ets Jul 29 2019 12:21:46

rst:0xc (SW_CPU_RESET),boot:0x13 (SPI_FAST_FLASH_BOOT)
configsip: 0, SPIWP:0xee
clk_drv:0x00,q_drv:0x00,d_drv:0x00,cs0_drv:0x00,hd_drv:0x00,wp_drv:0x00
mode:DIO, clock div:2
load:0x3fff0030,len:7112
load:0x40078000,len:15788
ho 0 tail 12 room 4
load:0x40080400,len:4
load:0x40080404,len:3904
entry 0x40080640
[0;32mI (31) boot: ESP-IDF v5.4-dev-2620-g6673376297 2nd stage bootloader[0m
[0;32mI (31) boot: compile time Sep  1 2024 18:58:24[0m
[0;32mI (33) boot: Multicore bootloader[0m
[0;32mI (37) boot: chip revision: v3.1[0m
[0;32mI (41) boot.esp32: SPI Speed      : 40MHz[0m
[0;32mI (45) boot.esp32: SPI Mode       : DIO[0m
[0;32mI (50) boot.esp32: SPI Flash Size : 2MB[0m
[0;32mI (54) boot: Enabling RNG early entropy source...[0m
[0;32mI (60) boot: Partition Table:[0m
[0;32mI (63) boot: ## Label            Usage          Type ST Offset   Length[0m
[0;32mI (71) boot:  0 nvs              WiFi data        01 02 00009000 00006000[0m
[0;32mI (78) boot:  1 phy_init         RF data          01 01 0000f000 00001000[0m
[0;32mI (86) boot:  2 factory          factory app      00 00 00010000 00100000[0m
[0;32mI (93) boot: End of partition table[0m
[0;32mI (97) esp_image: segment 0: paddr=00010020 vaddr=3f400020 size=1cb2ch (117548) map[0m
[0;32mI (146) esp_image: segment 1: paddr=0002cb54 vaddr=3ffb0000 size=0250ch (  9484) load[0m
[0;32mI (150) esp_image: segment 2: paddr=0002f068 vaddr=40080000 size=00fb0h (  4016) load[0m
[0;32mI (154) esp_image: segment 3: paddr=00030020 vaddr=400d0020 size=530a8h (340136) map[0m
[0;32mI (277) esp_image: segment 4: paddr=000830d0 vaddr=40080fb0 size=0d03ch ( 53308) load[0m
[0;32mI (305) boot: Loaded app from partition at offset 0x10000[0m
[0;32mI (305) boot: Disabling RNG early entropy source...[0m
[0;32mI (317) cpu_start: Multicore app[0m
[0;32mI (326) cpu_start: Pro cpu start user code[0m
[0;32mI (326) cpu_start: cpu freq: 160000000 Hz[0m
[0;32mI (326) app_init: Application information:[0m
[0;32mI (329) app_init: Project name:     irrigacao_inteligente[0m
[0;32mI (335) app_init: App version:      57e0da2-dirty[0m
[0;32mI (340) app_init: Compile time:     Sep  1 2024 18:58:47[0m
[0;32mI (346) app_init: ELF file SHA256:  7ac63242a...[0m
[0;32mI (352) app_init: ESP-IDF:          v5.4-dev-2620-g6673376297[0m
[0;32mI (358) efuse_init: Min chip rev:     v0.0[0m
[0;32mI (363) efuse_init: Max chip rev:     v3.99 [0m
[0;32mI (368) efuse_init: Chip rev:         v3.1[0m
[0;32mI (373) heap_init: Initializing. RAM available for dynamic allocation:[0m
[0;32mI (380) heap_init: At 3FFAE6E0 len 00001920 (6 KiB): DRAM[0m
[0;32mI (386) heap_init: At 3FFB3BA8 len 0002C458 (177 KiB): DRAM[0m
[0;32mI (392) heap_init: At 3FFE0440 len 00003AE0 (14 KiB): D/IRAM[0m
[0;32mI (398) heap_init: At 3FFE4350 len 0001BCB0 (111 KiB): D/IRAM[0m
[0;32mI (405) heap_init: At 4008DFEC len 00012014 (72 KiB): IRAM[0m
[0;32mI (413) spi_flash: detected chip: generic[0m
[0;32mI (416) spi_flash: flash io: dio[0m
[0;33mW (420) spi_flash: Detected size(4096k) larger than the size in the binary image header(2048k). Using the size in the binary image header.[0m
[0;32mI (434) main_task: Started on CPU0[0m
[0;32mI (444) main_task: Calling app_main()[0m
[0;32mI (474) MQTT_APP: Other event id:7[0m

assert failed: tcpip_send_msg_wait_sem /IDF/components/lwip/lwip/src/api/tcpip.c:449 (Invalid mbox)


Backtrace: 0x40081a05:0x3ffb8230 0x40086139:0x3ffb8250 0x4008c8bd:0x3ffb8270 0x401010cb:0x3ffb8390 0x4010d952:0x3ffb83c0 0x400ff0d5:0x3ffb8400 0x400dfa09:0x3ffb8490 0x400dfd13:0x3ffb84f0 0x400e023f:0x3ffb8560 0x400e1619:0x3ffb8580 0x4011f7ad:0x3ffb85a0 0x400d96d5:0x3ffb85c0 0x40086ac9:0x3ffb85f0




ELF file SHA256: 7ac63242a

Rebooting...
ets Jul 29 2019 12:21:46

rst:0xc (SW_CPU_RESET),boot:0x13 (SPI_FAST_FLASH_BOOT)
configsip: 0, SPIWP:0xee
clk_drv:0x00,q_drv:0x00,d_drv:0x00,cs0_drv:0x00,hd_drv:0x00,wp_drv:0x00
mode:DIO, clock div:2
load:0x3fff0030,len:7112
load:0x40078000,len:15788
ho 0 tail 12 room 4
load:0x40080400,len:4
load:0x40080404,len:3904
entry 0x40080640
[0;32mI (31) boot: ESP-IDF v5.4-dev-2620-g6673376297 2nd stage bootloader[0m
[0;32mI (31) boot: compile time Sep  1 2024 18:58:24[0m
[0;32mI (33) boot: Multicore bootloader[0m
[0;32mI (37) boot: chip revision: v3.1[0m
[0;32mI (41) boot.esp32: SPI Speed      : 40MHz[0m
[0;32mI (45) boot.esp32: SPI Mode       : DIO[0m
[0;32mI (50) boot.esp32: SPI Flash Size : 2MB[0m
[0;32mI (54) boot: Enabling RNG early entropy source...[0m
[0;32mI (60) boot: Partition Table:[0m
[0;32mI (63) boot: ## Label            Usage          Type ST Offset   Length[0m
[0;32mI (71) boot:  0 nvs              WiFi data        01 02 00009000 00006000[0m
[0;32mI (78) boot:  1 phy_init         RF data          01 01 0000f000 00001000[0m
[0;32mI (86) boot:  2 factory          factory app      00 00 00010000 00100000[0m
[0;32mI (93) boot: End of partition table[0m
[0;32mI (97) esp_image: segment 0: paddr=00010020 vaddr=3f400020 size=1cb2ch (117548) map[0m
[0;32mI (146) esp_image: segment 1: paddr=0002cb54 vaddr=3ffb0000 size=0250ch (  9484) load[0m
[0;32mI (150) esp_image: segment 2: paddr=0002f068 vaddr=40080000 size=00fb0h (  4016) load[0m
[0;32mI (154) esp_image: segment 3: paddr=00030020 vaddr=400d0020 size=530a8h (340136) map[0m
[0;32mI (277) esp_image: segment 4: paddr=000830d0 vaddr=40080fb0 size=0d03ch ( 53308) load[0m
[0;32mI (305) boot: Loaded app from partition at offset 0x10000[0m
[0;32mI (305) boot: Disabling RNG early entropy source...[0m
[0;32mI (317) cpu_start: Multicore app[0m
[0;32mI (326) cpu_start: Pro cpu start user code[0m
[0;32mI (326) cpu_start: cpu freq: 160000000 Hz[0m
[0;32mI (326) app_init: Application information:[0m
[0;32mI (329) app_init: Project name:     irrigacao_inteligente[0m
[0;32mI (335) app_init: App version:      57e0da2-dirty[0m
[0;32mI (340) app_init: Compile time:     Sep  1 2024 18:58:47[0m
[0;32mI (346) app_init: ELF file SHA256:  7ac63242a...[0m
[0;32mI (352) app_init: ESP-IDF:          v5.4-dev-2620-g6673376297[0m
[0;32mI (358) efuse_init: Min chip rev:     v0.0[0m
[0;32mI (363) efuse_init: Max chip rev:     v3.99 [0m
[0;32mI (368) efuse_init: Chip rev:         v3.1[0m
[0;32mI (373) heap_init: Initializing. RAM available for dynamic allocation:[0m
[0;32mI (380) heap_init: At 3FFAE6E0 len 00001920 (6 KiB): DRAM[0m
[0;32mI (386) heap_init: At 3FFB3BA8 len 0002C458 (177 KiB): DRAM[0m
[0;32mI (392) heap_init: At 3FFE0440 len 00003AE0 (14 KiB): D/IRAM[0m
[0;32mI (398) heap_init: At 3FFE4350 len 0001BCB0 (111 KiB): D/IRAM[0m
[0;32mI (405) heap_init: At 4008DFEC len 00012014 (72 KiB): IRAM[0m
[0;32mI (413) spi_flash: detected chip: generic[0m
[0;32mI (416) spi_flash: flash io: dio[0m
[0;33mW (420) spi_flash: Detected size(4096k) larger than the size in the binary image header(2048k). Using the size in the binary image header.[0m
[0;32mI (434) main_task: Started on CPU0[0m
[0;32mI (444) main_task: Calling app_main()[0m
[0;32mI (474) MQTT_APP: Other event id:7[0m

assert failed: tcpip_send_msg_wait_sem /IDF/components/lwip/lwip/src/api/tcpip.c:449 (Invalid mbox)


Backtrace: 0x40081a05:0x3ffb8230 0x40086139:0x3ffb8250 0x4008c8bd:0x3ffb8270 0x401010cb:0x3ffb8390 0x4010d952:0x3ffb83c0 0x400ff0d5:0x3ffb8400 0x400dfa09:0x3ffb8490 0x400dfd13:0x3ffb84f0 0x400e023f:0x3ffb8560 0x400e1619:0x3ffb8580 0x4011f7ad:0x3ffb85a0 0x400d96d5:0x3ffb85c0 0x40086ac9:0x3ffb85f0




ELF file SHA256: 7ac63242a

Rebooting...
ets Jul 29 2019 12:21:46

rst:0xc (SW_CPU_RESET),boot:0x13 (SPI_FAST_FLASH_BOOT)
configsip: 0, SPIWP:0xee
clk_drv:0x00,q_drv:0x00,d_drv:0x00,cs0_drv:0x00,hd_drv:0x00,wp_drv:0x00
mode:DIO, clock div:2
load:0x3fff0030,len:7112
load:0x40078000,len:15788
ho 0 tail 12 room 4
load:0x40080400,len:4
load:0x40080404,len:3904
entry 0x40080640
[0;32mI (31) boot: ESP-IDF v5.4-dev-2620-g6673376297 2nd stage bootloader[0m
[0;32mI (31) boot: compile time Sep  1 2024 18:58:24[0m
[0;32mI (33) boot: Multicore bootloader[0m
[0;32mI (37) boot: chip revision: v3.1[0m
[0;32mI (41) boot.esp32: SPI Speed      : 40MHz[0m
[0;32mI (45) boot.esp32: SPI Mode       : DIO[0m
[0;32mI (50) boot.esp32: SPI Flash Size : 2MB[0m
[0;32mI (54) boot: Enabling RNG early entropy source...[0m
[0;32mI (60) boot: Partition Table:[0m
[0;32mI (63) boot: ## Label            Usage          Type ST Offset   Length[0m
[0;32mI (71) boot:  0 nvs              WiFi data        01 02 00009000 00006000[0m
[0;32mI (78) boot:  1 phy_init         RF data          01 01 0000f000 00001000[0m
[0;32mI (86) boot:  2 factory          factory app      00 00 00010000 00100000[0m
[0;32mI (93) boot: End of partition table[0m
[0;32mI (97) esp_image: segment 0: paddr=00010020 vaddr=3f400020 size=1cb2ch (117548) map[0m
[0;32mI (146) esp_image: segment 1: paddr=0002cb54 vaddr=3ffb0000 size=0250ch (  9484) load[0m
[0;32mI (150) esp_image: segment 2: paddr=0002f068 vaddr=40080000 size=00fb0h (  4016) load[0m
[0;32mI (154) esp_image: segment 3: paddr=00030020 vaddr=400d0020 size=530a8h (340136) map[0m
[0;32mI (277) esp_image: segment 4: paddr=000830d0 vaddr=40080fb0 size=0d03ch ( 53308) load[0m
[0;32mI (305) boot: Loaded app from partition at offset 0x10000[0m
[0;32mI (305) boot: Disabling RNG early entropy source...[0m
[0;32mI (317) cpu_start: Multicore app[0m
[0;32mI (326) cpu_start: Pro cpu start user code[0m
[0;32mI (326) cpu_start: cpu freq: 160000000 Hz[0m
[0;32mI (326) app_init: Application information:[0m
[0;32mI (329) app_init: Project name:     irrigacao_inteligente[0m
[0;32mI (335) app_init: App version:      57e0da2-dirty[0m
[0;32mI (340) app_init: Compile time:     Sep  1 2024 18:58:47[0m
[0;32mI (346) app_init: ELF file SHA256:  7ac63242a...[0m
[0;32mI (352) app_init: ESP-IDF:          v5.4-dev-2620-g6673376297[0m
[0;32mI (358) efuse_init: Min chip rev:     v0.0[0m
[0;32mI (363) efuse_init: Max chip rev:     v3.99 [0m
[0;32mI (368) efuse_init: Chip rev:         v3.1[0m
[0;32mI (373) heap_init: Initializing. RAM available for dynamic allocation:[0m
[0;32mI (380) heap_init: At 3FFAE6E0 len 00001920 (6 KiB): DRAM[0m
[0;32mI (386) heap_init: At 3FFB3BA8 len 0002C458 (177 KiB): DRAM[0m
[0;32mI (392) heap_init: At 3FFE0440 len 00003AE0 (14 KiB): D/IRAM[0m
[0;32mI (398) heap_init: At 3FFE4350 len 0001BCB0 (111 KiB): D/IRAM[0m
[0;32mI (405) heap_init: At 4008DFEC len 00012014 (72 KiB): IRAM[0m
[0;32mI (413) spi_flash: detected chip: generic[0m
[0;32mI (416) spi_flash: flash io: dio[0m
[0;33mW (420) spi_flash: Detected size(4096k) larger than the size in the binary image header(2048k). Using the size in the binary image header.[0m
[0;32mI (434) main_task: Started on CPU0[0m
[0;32mI (444) main_task: Calling app_main()[0m
[0;32mI (474) MQTT_APP: Other event id:7[0m

assert failed: tcpip_send_msg_wait_sem /IDF/components/lwip/lwip/src/api/tcpip.c:449 (Invalid mbox)


Backtrace: 0x40081a05:0x3ffb8230 0x40086139:0x3ffb8250 0x4008c8bd:0x3ffb8270 0x401010cb:0x3ffb8390 0x4010d952:0x3ffb83c0 0x400ff0d5:0x3ffb8400 0x400dfa09:0x3ffb8490 0x400dfd13:0x3ffb84f0 0x400e023f:0x3ffb8560 0x400e1619:0x3ffb8580 0x4011f7ad:0x3ffb85a0 0x400d96d5:0x3ffb85c0 0x40086ac9:0x3ffb85f0




ELF file SHA256: 7ac63242a

Rebooting...
ets Jul 29 2019 12:21:46

rst:0xc (SW_CPU_RESET),boot:0x13 (SPI_FAST_FLASH_BOOT)
configsip: 0, SPIWP:0xee
clk_drv:0x00,q_drv:0x00,d_drv:0x00,cs0_drv:0x00,hd_drv:0x00,wp_drv:0x00
mode:DIO, clock div:2
load:0x3fff0030,len:7112
load:0x40078000,len:15788
ho 0 tail 12 room 4
load:0x40080400,len:4
load:0x40080404,len:3904
entry 0x40080640
[0;32mI (31) boot: ESP-IDF v5.4-dev-2620-g6673376297 2nd stage bootloader[0m
[0;32mI (31) boot: compile time Sep  1 2024 18:58:24[0m
[0;32mI (33) boot: Multicore bootloader[0m
[0;32mI (37) boot: chip revision: v3.1[0m
[0;32mI (41) boot.esp32: SPI Speed      : 40MHz[0m
[0;32mI (45) boot.esp32: SPI Mode       : DIO[0m
[0;32mI (50) boot.esp32: SPI Flash Size : 2MB[0m
[0;32mI (54) boot: Enabling RNG early entropy source...[0m
[0;32mI (60) boot: Partition Table:[0m
[0;32mI (63) boot: ## Label            Usage          Type ST Offset   Length[0m
[0;32mI (71) boot:  0 nvs              WiFi data        01 02 00009000 00006000[0m
[0;32mI (78) boot:  1 phy_init         RF data          01 01 0000f000 00001000[0m
[0;32mI (86) boot:  2 factory          factory app      00 00 00010000 00100000[0m
[0;32mI (93) boot: End of partition table[0m
[0;32mI (97) esp_image: segment 0: paddr=00010020 vaddr=3f400020 size=1cb2ch (117548) map[0m
[0;32mI (146) esp_image: segment 1: paddr=0002cb54 vaddr=3ffb0000 size=0250ch (  9484) load[0m
[0;32mI (150) esp_image: segment 2: paddr=0002f068 vaddr=40080000 size=00fb0h (  4016) load[0m
[0;32mI (154) esp_image: segment 3: paddr=00030020 vaddr=400d0020 size=530a8h (340136) map[0m
[0;32mI (277) esp_image: segment 4: paddr=000830d0 vaddr=40080fb0 size=0d03ch ( 53308) load[0m
[0;32mI (305) boot: Loaded app from partition at offset 0x10000[0m
[0;32mI (305) boot: Disabling RNG early entropy source...[0m
[0;32mI (317) cpu_start: Multicore app[0m
[0;32mI (326) cpu_start: Pro cpu start user code[0m
[0;32mI (326) cpu_start: cpu freq: 160000000 Hz[0m
[0;32mI (326) app_init: Application information:[0m
[0;32mI (329) app_init: Project name:     irrigacao_inteligente[0m
[0;32mI (335) app_init: App version:      57e0da2-dirty[0m
[0;32mI (340) app_init: Compile time:     Sep  1 2024 18:58:47[0m
[0;32mI (346) app_init: ELF file SHA256:  7ac63242a...[0m
[0;32mI (352) app_init: ESP-IDF:          v5.4-dev-2620-g6673376297[0m
[0;32mI (358) efuse_init: Min chip rev:     v0.0[0m
[0;32mI (363) efuse_init: Max chip rev:     v3.99 [0m
[0;32mI (368) efuse_init: Chip rev:         v3.1[0m
[0;32mI (373) heap_init: Initializing. RAM available for dynamic allocation:[0m
[0;32mI (380) heap_init: At 3FFAE6E0 len 00001920 (6 KiB): DRAM[0m
[0;32mI (386) heap_init: At 3FFB3BA8 len 0002C458 (177 KiB): DRAM[0m
[0;32mI (392) heap_init: At 3FFE0440 len 00003AE0 (14 KiB): D/IRAM[0m
[0;32mI (398) heap_init: At 3FFE4350 len 0001BCB0 (111 KiB): D/IRAM[0m
[0;32mI (405) heap_init: At 4008DFEC len 00012014 (72 KiB): IRAM[0m
[0;32mI (413) spi_flash: detected chip: generic[0m
[0;32mI (416) spi_flash: flash io: dio[0m
[0;33mW (420) spi_flash: Detected size(4096k) larger than the size in the binary image header(2048k). Using the size in the binary image header.[0m
[0;32mI (434) main_task: Started on CPU0[0m
[0;32mI (444) main_task: Calling app_main()[0m
[0;32mI (474) MQTT_APP: Other event id:7[0m

assert failed: tcpip_send_msg_wait_sem /IDF/components/lwip/lwip/src/api/tcpip.c:449 (Invalid mbox)


Backtrace: 0x40081a05:0x3ffb8230 0x40086139:0x3ffb8250 0x4008c8bd:0x3ffb8270 0x401010cb:0x3ffb8390 0x4010d952:0x3ffb83c0 0x400ff0d5:0x3ffb8400 0x400dfa09:0x3ffb8490 0x400dfd13:0x3ffb84f0 0x400e023f:0x3ffb8560 0x400e1619:0x3ffb8580 0x4011f7ad:0x3ffb85a0 0x400d96d5:0x3ffb85c0 0x40086ac9:0x3ffb85f0




ELF file SHA256: 7ac63242a

Rebooting...
ets Jul 29 2019 12:21:46

rst:0xc (SW_CPU_RESET),boot:0x13 (SPI_FAST_FLASH_BOOT)
configsip: 0, SPIWP:0xee
clk_drv:0x00,q_drv:0x00,d_drv:0x00,cs0_drv:0x00,hd_drv:0x00,wp_drv:0x00
mode:DIO, clock div:2
load:0x3fff0030,len:7112
load:0x40078000,len:15788
ho 0 tail 12 room 4
load:0x40080400,len:4
load:0x40080404,len:3904
entry 0x40080640
[0;32mI (31) boot: ESP-IDF v5.4-dev-2620-g6673376297 2nd stage bootloader[0m
[0;32mI (31) boot: compile time Sep  1 2024 18:58:24[0m
[0;32mI (33) boot: Multicore bootloader[0m
[0;32mI (37) boot: chip revision: v3.1[0m
[0;32mI (41) boot.esp32: SPI Speed      : 40MHz[0m
[0;32mI (45) boot.esp32: SPI Mode       : DIO[0m
[0;32mI (50) boot.esp32: SPI Flash Size : 2MB[0m
[0;32mI (54) boot: Enabling RNG early entropy source...[0m
[0;32mI (60) boot: Partition Table:[0m
[0;32mI (63) boot: ## Label            Usage          Type ST Offset   Length[0m
[0;32mI (71) boot:  0 nvs              WiFi data        01 02 00009000 00006000[0m
[0;32mI (78) boot:  1 phy_init         RF data          01 01 0000f000 00001000[0m
[0;32mI (86) boot:  2 factory          factory app      00 00 00010000 00100000[0m
[0;32mI (93) boot: End of partition table[0m
[0;32mI (97) esp_image: segment 0: paddr=00010020 vaddr=3f400020 size=1cb2ch (117548) map[0m
[0;32mI (146) esp_image: segment 1: paddr=0002cb54 vaddr=3ffb0000 size=0250ch (  9484) load[0m
[0;32mI (150) esp_image: segment 2: paddr=0002f068 vaddr=40080000 size=00fb0h (  4016) load[0m
[0;32mI (154) esp_image: segment 3: paddr=00030020 vaddr=400d0020 size=530a8h (340136) map[0m
[0;32mI (277) esp_image: segment 4: paddr=000830d0 vaddr=40080fb0 size=0d03ch ( 53308) load[0m
[0;32mI (305) boot: Loaded app from partition at offset 0x10000[0m
[0;32mI (305) boot: Disabling RNG early entropy source...[0m
[0;32mI (317) cpu_start: Multicore app[0m
[0;32mI (326) cpu_start: Pro cpu start user code[0m
[0;32mI (326) cpu_start: cpu freq: 160000000 Hz[0m
[0;32mI (326) app_init: Application information:[0m
[0;32mI (329) app_init: Project name:     irrigacao_inteligente[0m
[0;32mI (335) app_init: App version:      57e0da2-dirty[0m
[0;32mI (340) app_init: Compile time:     Sep  1 2024 18:58:47[0m
[0;32mI (346) app_init: ELF file SHA256:  7ac63242a...[0m
[0;32mI (352) app_init: ESP-IDF:          v5.4-dev-2620-g6673376297[0m
[0;32mI (358) efuse_init: Min chip rev:     v0.0[0m
[0;32mI (363) efuse_init: Max chip rev:     v3.99 [0m
[0;32mI (368) efuse_init: Chip rev:         v3.1[0m
[0;32mI (373) heap_init: Initializing. RAM available for dynamic allocation:[0m
[0;32mI (380) heap_init: At 3FFAE6E0 len 00001920 (6 KiB): DRAM[0m
[0;32mI (386) heap_init: At 3FFB3BA8 len 0002C458 (177 KiB): DRAM[0m
[0;32mI (392) heap_init: At 3FFE0440 len 00003AE0 (14 KiB): D/IRAM[0m
[0;32mI (398) heap_init: At 3FFE4350 len 0001BCB0 (111 KiB): D/IRAM[0m
[0;32mI (405) heap_init: At 4008DFEC len 00012014 (72 KiB): IRAM[0m
[0;32mI (413) spi_flash: detected chip: generic[0m
[0;32mI (416) spi_flash: flash io: dio[0m
[0;33mW (420) spi_flash: Detected size(4096k) larger than the size in the binary image header(2048k). Using the size in the binary image header.[0m
[0;32mI (434) main_task: Started on CPU0[0m
[0;32mI (444) main_task: Calling app_main()[0m
[0;32mI (474) MQTT_APP: Other event id:7[0m

assert failed: tcpip_send_msg_wait_sem /IDF/components/lwip/lwip/src/api/tcpip.c:449 (Invalid mbox)


Backtrace: 0x40081a05:0x3ffb8230 0x40086139:0x3ffb8250 0x4008c8bd:0x3ffb8270 0x401010cb:0x3ffb8390 0x4010d952:0x3ffb83c0 0x400ff0d5:0x3ffb8400 0x400dfa09:0x3ffb8490 0x400dfd13:0x3ffb84f0 0x400e023f:0x3ffb8560 0x400e1619:0x3ffb8580 0x4011f7ad:0x3ffb85a0 0x400d96d5:0x3ffb85c0 0x40086ac9:0x3ffb85f0




ELF file SHA256: 7ac63242a

Rebooting...
ets Jul 29 2019 12:21:46

rst:0xc (SW_CPU_RESET),boot:0x13 (SPI_FAST_FLASH_BOOT)
configsip: 0, SPIWP:0xee
clk_drv:0x00,q_drv:0x00,d_drv:0x00,cs0_drv:0x00,hd_drv:0x00,wp_drv:0x00
mode:DIO, clock div:2
load:0x3fff0030,len:7112
load:0x40078000,len:15788
ho 0 tail 12 room 4
load:0x40080400,len:4
load:0x40080404,len:3904
entry 0x40080640
[0;32mI (31) boot: ESP-IDF v5.4-dev-2620-g6673376297 2nd stage bootloader[0m
[0;32mI (31) boot: compile time Sep  1 2024 18:58:24[0m
[0;32mI (33) boot: Multicore bootloader[0m
[0;32mI (37) boot: chip revision: v3.1[0m
[0;32mI (41) boot.esp32: SPI Speed      : 40MHz[0m
[0;32mI (45) boot.esp32: SPI Mode       : DIO[0m
[0;32mI (50) boot.esp32: SPI Flash Size : 2MB[0m
[0;32mI (54) boot: Enabling RNG early entropy source...[0m
[0;32mI (60) boot: Partition Table:[0m
[0;32mI (63) boot: ## Label            Usage          Type ST Offset   Length[0m
[0;32mI (71) boot:  0 nvs              WiFi data        01 02 00009000 00006000[0m
[0;32mI (78) boot:  1 phy_init         RF data          01 01 0000f000 00001000[0m
[0;32mI (86) boot:  2 factory          factory app      00 00 00010000 00100000[0m
[0;32mI (93) boot: End of partition table[0m
[0;32mI (97) esp_image: segment 0: paddr=00010020 vaddr=3f400020 size=1cb2ch (117548) map[0m
[0;32mI (146) esp_image: segment 1: paddr=0002cb54 vaddr=3ffb0000 size=0250ch (  9484) load[0m
[0;32mI (150) esp_image: segment 2: paddr=0002f068 vaddr=40080000 size=00fb0h (  4016) load[0m
[0;32mI (154) esp_image: segment 3: paddr=00030020 vaddr=400d0020 size=530a8h (340136) map[0m
[0;32mI (277) esp_image: segment 4: paddr=000830d0 vaddr=40080fb0 size=0d03ch ( 53308) load[0m
[0;32mI (305) boot: Loaded app from partition at offset 0x10000[0m
[0;32mI (305) boot: Disabling RNG early entropy source...[0m
[0;32mI (317) cpu_start: Multicore app[0m
[0;32mI (326) cpu_start: Pro cpu start user code[0m
[0;32mI (326) cpu_start: cpu freq: 160000000 Hz[0m
[0;32mI (326) app_init: Application information:[0m
[0;32mI (329) app_init: Project name:     irrigacao_inteligente[0m
[0;32mI (335) app_init: App version:      57e0da2-dirty[0m
[0;32mI (340) app_init: Compile time:     Sep  1 2024 18:58:47[0m
[0;32mI (346) app_init: ELF file SHA256:  7ac63242a...[0m
[0;32mI (352) app_init: ESP-IDF:          v5.4-dev-2620-g6673376297[0m
[0;32mI (358) efuse_init: Min chip rev:     v0.0[0m
[0;32mI (363) efuse_init: Max chip rev:     v3.99 [0m
[0;32mI (368) efuse_init: Chip rev:         v3.1[0m
[0;32mI (373) heap_init: Initializing. RAM available for dynamic allocation:[0m
[0;32mI (380) heap_init: At 3FFAE6E0 len 00001920 (6 KiB): DRAM[0m
[0;32mI (386) heap_init: At 3FFB3BA8 len 0002C458 (177 KiB): DRAM[0m
[0;32mI (392) heap_init: At 3FFE0440 len 00003AE0 (14 KiB): D/IRAM[0m
[0;32mI (398) heap_init: At 3FFE4350 len 0001BCB0 (111 KiB): D/IRAM[0m
[0;32mI (405) heap_init: At 4008DFEC len 00012014 (72 KiB): IRAM[0m
[0;32mI (413) spi_flash: detected chip: generic[0m
[0;32mI (416) spi_flash: flash io: dio[0m
[0;33mW (420) spi_flash: Detected size(4096k) larger than the size in the binary image header(2048k). Using the size in the binary image header.[0m
[0;32mI (434) main_task: Started on CPU0[0m
[0;32mI (444) main_task: Calling app_main()[0m
[0;32mI (474) MQTT_APP: Other event id:7[0m

assert failed: tcpip_send_msg_wait_sem /IDF/components/lwip/lwip/src/api/tcpip.c:449 (Invalid mbox)


Backtrace: 0x40081a05:0x3ffb8230 0x40086139:0x3ffb8250 0x4008c8bd:0x3ffb8270 0x401010cb:0x3ffb8390 0x4010d952:0x3ffb83c0 0x400ff0d5:0x3ffb8400 0x400dfa09:0x3ffb8490 0x400dfd13:0x3ffb84f0 0x400e023f:0x3ffb8560 0x400e1619:0x3ffb8580 0x4011f7ad:0x3ffb85a0 0x400d96d5:0x3ffb85c0 0x40086ac9:0x3ffb85f0




ELF file SHA256: 7ac63242a

Rebooting...
ets Jul 29 2019 12:21:46

rst:0xc (SW_CPU_RESET),boot:0x13 (SPI_FAST_FLASH_BOOT)
configsip: 0, SPIWP:0xee
clk_drv:0x00,q_drv:0x00,d_drv:0x00,cs0_drv:0x00,hd_drv:0x00,wp_drv:0x00
mode:DIO, clock div:2
load:0x3fff0030,len:7112
load:0x40078000,len:15788
ho 0 tail 12 room 4
load:0x40080400,len:4
load:0x40080404,len:3904
entry 0x40080640
[0;32mI (31) boot: ESP-IDF v5.4-dev-2620-g6673376297 2nd stage bootloader[0m
[0;32mI (31) boot: compile time Sep  1 2024 18:58:24[0m
[0;32mI (33) boot: Multicore bootloader[0m
[0;32mI (37) boot: chip revision: v3.1[0m
[0;32mI (41) boot.esp32: SPI Speed      : 40MHz[0m
[0;32mI (45) boot.esp32: SPI Mode       : DIO[0m
[0;32mI (50) boot.esp32: SPI Flash Size : 2MB[0m
[0;32mI (54) boot: Enabling RNG early entropy source...[0m
[0;32mI (60) boot: Partition Table:[0m
[0;32mI (63) boot: ## Label            Usage          Type ST Offset   Length[0m
[0;32mI (71) boot:  0 nvs              WiFi data        01 02 00009000 00006000[0m
[0;32mI (78) boot:  1 phy_init         RF data          01 01 0000f000 00001000[0m
[0;32mI (86) boot:  2 factory          factory app      00 00 00010000 00100000[0m
[0;32mI (93) boot: End of partition table[0m
[0;32mI (97) esp_image: segment 0: paddr=00010020 vaddr=3f400020 size=1cb2ch (117548) map[0m
[0;32mI (146) esp_image: segment 1: paddr=0002cb54 vaddr=3ffb0000 size=0250ch (  9484) load[0m
[0;32mI (150) esp_image: segment 2: paddr=0002f068 vaddr=40080000 size=00fb0h (  4016) load[0m
[0;32mI (154) esp_image: segment 3: paddr=00030020 vaddr=400d0020 size=530a8h (340136) map[0m
[0;32mI (277) esp_image: segment 4: paddr=000830d0 vaddr=40080fb0 size=0d03ch ( 53308) load[0m
[0;32mI (305) boot: Loaded app from partition at offset 0x10000[0m
[0;32mI (305) boot: Disabling RNG early entropy source...[0m
[0;32mI (317) cpu_start: Multicore app[0m
[0;32mI (326) cpu_start: Pro cpu start user code[0m
[0;32mI (326) cpu_start: cpu freq: 160000000 Hz[0m
[0;32mI (326) app_init: Application information:[0m
[0;32mI (329) app_init: Project name:     irrigacao_inteligente[0m
[0;32mI (335) app_init: App version:      57e0da2-dirty[0m
[0;32mI (340) app_init: Compile time:     Sep  1 2024 18:58:47[0m
[0;32mI (346) app_init: ELF file SHA256:  7ac63242a...[0m
[0;32mI (352) app_init: ESP-IDF:          v5.4-dev-2620-g6673376297[0m
[0;32mI (358) efuse_init: Min chip rev:     v0.0[0m
[0;32mI (363) efuse_init: Max chip rev:     v3.99 [0m
[0;32mI (368) efuse_init: Chip rev:         v3.1[0m
[0;32mI (373) heap_init: Initializing. RAM available for dynamic allocation:[0m
[0;32mI (380) heap_init: At 3FFAE6E0 len 00001920 (6 KiB): DRAM[0m
[0;32mI (386) heap_init: At 3FFB3BA8 len 0002C458 (177 KiB): DRAM[0m
[0;32mI (392) heap_init: At 3FFE0440 len 00003AE0 (14 KiB): D/IRAM[0m
[0;32mI (398) heap_init: At 3FFE4350 len 0001BCB0 (111 KiB): D/IRAM[0m
[0;32mI (405) heap_init: At 4008DFEC len 00012014 (72 KiB): IRAM[0m
[0;32mI (413) spi_flash: detected chip: generic[0m
[0;32mI (416) spi_flash: flash io: dio[0m
[0;33mW (420) spi_flash: Detected size(4096k) larger than the size in the binary image header(2048k). Using the size in the binary image header.[0m
[0;32mI (434) main_task: Started on CPU0[0m
[0;32mI (444) main_task: Calling app_main()[0m
[0;32mI (474) MQTT_APP: Other event id:7[0m

assert failed: tcpip_send_msg_wait_sem /IDF/components/lwip/lwip/src/api/tcpip.c:449 (Invalid mbox)


Backtrace: 0x40081a05:0x3ffb8230 0x40086139:0x3ffb8250 0x4008c8bd:0x3ffb8270 0x401010cb:0x3ffb8390 0x4010d952:0x3ffb83c0 0x400ff0d5:0x3ffb8400 0x400dfa09:0x3ffb8490 0x400dfd13:0x3ffb84f0 0x400e023f:0x3ffb8560 0x400e1619:0x3ffb8580 0x4011f7ad:0x3ffb85a0 0x400d96d5:0x3ffb85c0 0x40086ac9:0x3ffb85f0




ELF file SHA256: 7ac63242a

Rebooting...
ets Jul 29 2019 12:21:46

rst:0xc (SW_CPU_RESET),boot:0x13 (SPI_FAST_FLASH_BOOT)
configsip: 0, SPIWP:0xee
clk_drv:0x00,q_drv:0x00,d_drv:0x00,cs0_drv:0x00,hd_drv:0x00,wp_drv:0x00
mode:DIO, clock div:2
load:0x3fff0030,len:7112
load:0x40078000,len:15788
ho 0 tail 12 room 4
load:0x40080400,len:4
load:0x40080404,len:3904
entry 0x40080640
[0;32mI (31) boot: ESP-IDF v5.4-dev-2620-g6673376297 2nd stage bootloader[0m
[0;32mI (31) boot: compile time Sep  1 2024 18:58:24[0m
[0;32mI (33) boot: Multicore bootloader[0m
[0;32mI (37) boot: chip revision: v3.1[0m
[0;32mI (41) boot.esp32: SPI Speed      : 40MHz[0m
[0;32mI (45) boot.esp32: SPI Mode       : DIO[0m
[0;32mI (50) boot.esp32: SPI Flash Size : 2MB[0m
[0;32mI (54) boot: Enabling RNG early entropy source...[0m
[0;32mI (60) boot: Partition Table:[0m
[0;32mI (63) boot: ## Label            Usage          Type ST Offset   Length[0m
[0;32mI (71) boot:  0 nvs              WiFi data        01 02 00009000 00006000[0m
[0;32mI (78) boot:  1 phy_init         RF data          01 01 0000f000 00001000[0m
[0;32mI (86) boot:  2 factory          factory app      00 00 00010000 00100000[0m
[0;32mI (93) boot: End of partition table[0m
[0;32mI (97) esp_image: segment 0: paddr=00010020 vaddr=3f400020 size=1cb2ch (117548) map[0m
[0;32mI (146) esp_image: segment 1: paddr=0002cb54 vaddr=3ffb0000 size=0250ch (  9484) load[0m
[0;32mI (150) esp_image: segment 2: paddr=0002f068 vaddr=40080000 size=00fb0h (  4016) load[0m
[0;32mI (154) esp_image: segment 3: paddr=00030020 vaddr=400d0020 size=530a8h (340136) map[0m
[0;32mI (277) esp_image: segment 4: paddr=000830d0 vaddr=40080fb0 size=0d03ch ( 53308) load[0m
[0;32mI (305) boot: Loaded app from partition at offset 0x10000[0m
[0;32mI (305) boot: Disabling RNG early entropy source...[0m
[0;32mI (317) cpu_start: Multicore app[0m
[0;32mI (326) cpu_start: Pro cpu start user code[0m
[0;32mI (326) cpu_start: cpu freq: 160000000 Hz[0m
[0;32mI (326) app_init: Application information:[0m
[0;32mI (329) app_init: Project name:     irrigacao_inteligente[0m
[0;32mI (335) app_init: App version:      57e0da2-dirty[0m
[0;32mI (340) app_init: Compile time:     Sep  1 2024 18:58:47[0m
[0;32mI (346) app_init: ELF file SHA256:  7ac63242a...[0m
[0;32mI (352) app_init: ESP-IDF:          v5.4-dev-2620-g6673376297[0m
[0;32mI (358) efuse_init: Min chip rev:     v0.0[0m
[0;32mI (363) efuse_init: Max chip rev:     v3.99 [0m
[0;32mI (368) efuse_init: Chip rev:         v3.1[0m
[0;32mI (373) heap_init: Initializing. RAM available for dynamic allocation:[0m
[0;32mI (380) heap_init: At 3FFAE6E0 len 00001920 (6 KiB): DRAM[0m
[0;32mI (386) heap_init: At 3FFB3BA8 len 0002C458 (177 KiB): DRAM[0m
[0;32mI (392) heap_init: At 3FFE0440 len 00003AE0 (14 KiB): D/IRAM[0m
[0;32mI (398) heap_init: At 3FFE4350 len 0001BCB0 (111 KiB): D/IRAM[0m
[0;32mI (405) heap_init: At 4008DFEC len 00012014 (72 KiB): IRAM[0m
[0;32mI (413) spi_flash: detected chip: generic[0m
[0;32mI (416) spi_flash: flash io: dio[0m
[0;33mW (420) spi_flash: Detected size(4096k) larger than the size in the binary image header(2048k). Using the size in the binary image header.[0m
[0;32mI (434) main_task: Started on CPU0[0m
[0;32mI (444) main_task: Calling app_main()[0m
[0;32mI (474) MQTT_APP: Other event id:7[0m

assert failed: tcpip_send_msg_wait_sem /IDF/components/lwip/lwip/src/api/tcpip.c:449 (Invalid mbox)


Backtrace: 0x40081a05:0x3ffb8230 0x40086139:0x3ffb8250 0x4008c8bd:0x3ffb8270 0x401010cb:0x3ffb8390 0x4010d952:0x3ffb83c0 0x400ff0d5:0x3ffb8400 0x400dfa09:0x3ffb8490 0x400dfd13:0x3ffb84f0 0x400e023f:0x3ffb8560 0x400e1619:0x3ffb8580 0x4011f7ad:0x3ffb85a0 0x400d96d5:0x3ffb85c0 0x40086ac9:0x3ffb85f0




ELF file SHA256: 7ac63242a

Rebooting...
ets Jul 29 2019 12:21:46

rst:0xc (SW_CPU_RESET),boot:0x13 (SPI_FAST_FLASH_BOOT)
configsip: 0, SPIWP:0xee
clk_drv:0x00,q_drv:0x00,d_drv:0x00,cs0_drv:0x00,hd_drv:0x00,wp_drv:0x00
mode:DIO, clock div:2
load:0x3fff0030,len:7112
load:0x40078000,len:15788
ho 0 tail 12 room 4
load:0x40080400,len:4
load:0x40080404,len:3904
entry 0x40080640
[0;32mI (31) boot: ESP-IDF v5.4-dev-2620-g6673376297 2nd stage bootloader[0m
[0;32mI (31) boot: compile time Sep  1 2024 18:58:24[0m
[0;32mI (33) boot: Multicore bootloader[0m
[0;32mI (37) boot: chip revision: v3.1[0m
[0;32mI (41) boot.esp32: SPI Speed      : 40MHz[0m
[0;32mI (45) boot.esp32: SPI Mode       : DIO[0m
[0;32mI (50) boot.esp32: SPI Flash Size : 2MB[0m
[0;32mI (54) boot: Enabling RNG early entropy source...[0m
[0;32mI (60) boot: Partition Table:[0m
[0;32mI (63) boot: ## Label            Usage          Type ST Offset   Length[0m
[0;32mI (71) boot:  0 nvs              WiFi data        01 02 00009000 00006000[0m
[0;32mI (78) boot:  1 phy_init         RF data          01 01 0000f000 00001000[0m
[0;32mI (86) boot:  2 factory          factory app      00 00 00010000 00100000[0m
[0;32mI (93) boot: End of partition table[0m
[0;32mI (97) esp_image: segment 0: paddr=00010020 vaddr=3f400020 size=1cb2ch (117548) map[0m
[0;32mI (146) esp_image: segment 1: paddr=0002cb54 vaddr=3ffb0000 size=0250ch (  9484) load[0m
[0;32mI (150) esp_image: segment 2: paddr=0002f068 vaddr=40080000 size=00fb0h (  4016) load[0m
[0;32mI (154) esp_image: segment 3: paddr=00030020 vaddr=400d0020 size=530a8h (340136) map[0m
[0;32mI (277) esp_image: segment 4: paddr=000830d0 vaddr=40080fb0 size=0d03ch ( 53308) load[0m
[0;32mI (305) boot: Loaded app from partition at offset 0x10000[0m
[0;32mI (305) boot: Disabling RNG early entropy source...[0m
[0;32mI (317) cpu_start: Multicore app[0m
[0;32mI (326) cpu_start: Pro cpu start user code[0m
[0;32mI (326) cpu_start: cpu freq: 160000000 Hz[0m
[0;32mI (326) app_init: Application information:[0m
[0;32mI (329) app_init: Project name:     irrigacao_inteligente[0m
[0;32mI (335) app_init: App version:      57e0da2-dirty[0m
[0;32mI (340) app_init: Compile time:     Sep  1 2024 18:58:47[0m
[0;32mI (346) app_init: ELF file SHA256:  7ac63242a...[0m
[0;32mI (352) app_init: ESP-IDF:          v5.4-dev-2620-g6673376297[0m
[0;32mI (358) efuse_init: Min chip rev:     v0.0[0m
[0;32mI (363) efuse_init: Max chip rev:     v3.99 [0m
[0;32mI (368) efuse_init: Chip rev:         v3.1[0m
[0;32mI (373) heap_init: Initializing. RAM available for dynamic allocation:[0m
[0;32mI (380) heap_init: At 3FFAE6E0 len 00001920 (6 KiB): DRAM[0m
[0;32mI (386) heap_init: At 3FFB3BA8 len 0002C458 (177 KiB): DRAM[0m
[0;32mI (392) heap_init: At 3FFE0440 len 00003AE0 (14 KiB): D/IRAM[0m
[0;32mI (398) heap_init: At 3FFE4350 len 0001BCB0 (111 KiB): D/IRAM[0m
[0;32mI (405) heap_init: At 4008DFEC len 00012014 (72 KiB): IRAM[0m
[0;32mI (413) spi_flash: detected chip: generic[0m
[0;32mI (416) spi_flash: flash io: dio[0m
[0;33mW (420) spi_flash: Detected size(4096k) larger than the size in the binary image header(2048k). Using the size in the binary image header.[0m
[0;32mI (434) main_task: Started on CPU0[0m
[0;32mI (444) main_task: Calling app_main()[0m
[0;32mI (474) MQTT_APP: Other event id:7[0m

assert failed: tcpip_send_msg_wait_sem /IDF/components/lwip/lwip/src/api/tcpip.c:449 (Invalid mbox)


Backtrace: 0x40081a05:0x3ffb8230 0x40086139:0x3ffb8250 0x4008c8bd:0x3ffb8270 0x401010cb:0x3ffb8390 0x4010d952:0x3ffb83c0 0x400ff0d5:0x3ffb8400 0x400dfa09:0x3ffb8490 0x400dfd13:0x3ffb84f0 0x400e023f:0x3ffb8560 0x400e1619:0x3ffb8580 0x4011f7ad:0x3ffb85a0 0x400d96d5:0x3ffb85c0 0x40086ac9:0x3ffb85f0




ELF file SHA256: 7ac63242a

Rebooting...
ets Jul 29 2019 12:21:46

rst:0xc (SW_CPU_RESET),boot:0x13 (SPI_FAST_FLASH_BOOT)
configsip: 0, SPIWP:0xee
clk_drv:0x00,q_drv:0x00,d_drv:0x00,cs0_drv:0x00,hd_drv:0x00,wp_drv:0x00
mode:DIO, clock div:2
load:0x3fff0030,len:7112
load:0x40078000,len:15788
ho 0 tail 12 room 4
load:0x40080400,len:4
load:0x40080404,len:3904
entry 0x40080640
[0;32mI (31) boot: ESP-IDF v5.4-dev-2620-g6673376297 2nd stage bootloader[0m
[0;32mI (31) boot: compile time Sep  1 2024 18:58:24[0m
[0;32mI (33) boot: Multicore bootloader[0m
[0;32mI (37) boot: chip revision: v3.1[0m
[0;32mI (41) boot.esp32: SPI Speed      : 40MHz[0m
[0;32mI (45) boot.esp32: SPI Mode       : DIO[0m
[0;32mI (50) boot.esp32: SPI Flash Size : 2MB[0m
[0;32mI (54) boot: Enabling RNG early entropy source...[0m
[0;32mI (60) boot: Partition Table:[0m
[0;32mI (63) boot: ## Label            Usage          Type ST Offset   Length[0m
[0;32mI (71) boot:  0 nvs              WiFi data        01 02 00009000 00006000[0m
[0;32mI (78) boot:  1 phy_init         RF data          01 01 0000f000 00001000[0m
[0;32mI (86) boot:  2 factory          factory app      00 00 00010000 00100000[0m
[0;32mI (93) boot: End of partition table[0m
[0;32mI (97) esp_image: segment 0: paddr=00010020 vaddr=3f400020 size=1cb2ch (117548) map[0m
[0;32mI (146) esp_image: segment 1: paddr=0002cb54 vaddr=3ffb0000 size=0250ch (  9484) load[0m
[0;32mI (150) esp_image: segment 2: paddr=0002f068 vaddr=40080000 size=00fb0h (  4016) load[0m
[0;32mI (154) esp_image: segment 3: paddr=00030020 vaddr=400d0020 size=530a8h (340136) map[0m
[0;32mI (277) esp_image: segment 4: paddr=000830d0 vaddr=40080fb0 size=0d03ch ( 53308) load[0m
[0;32mI (305) boot: Loaded app from partition at offset 0x10000[0m
[0;32mI (305) boot: Disabling RNG early entropy source...[0m
[0;32mI (317) cpu_start: Multicore app[0m
[0;32mI (326) cpu_start: Pro cpu start user code[0m
[0;32mI (326) cpu_start: cpu freq: 160000000 Hz[0m
[0;32mI (326) app_init: Application information:[0m
[0;32mI (329) app_init: Project name:     irrigacao_inteligente[0m
[0;32mI (335) app_init: App version:      57e0da2-dirty[0m
[0;32mI (340) app_init: Compile time:     Sep  1 2024 18:58:47[0m
[0;32mI (346) app_init: ELF file SHA256:  7ac63242a...[0m
[0;32mI (352) app_init: ESP-IDF:          v5.4-dev-2620-g6673376297[0m
[0;32mI (358) efuse_init: Min chip rev:     v0.0[0m
[0;32mI (363) efuse_init: Max chip rev:     v3.99 [0m
[0;32mI (368) efuse_init: Chip rev:         v3.1[0m
[0;32mI (373) heap_init: Initializing. RAM available for dynamic allocation:[0m
[0;32mI (380) heap_init: At 3FFAE6E0 len 00001920 (6 KiB): DRAM[0m
[0;32mI (386) heap_init: At 3FFB3BA8 len 0002C458 (177 KiB): DRAM[0m
[0;32mI (392) heap_init: At 3FFE0440 len 00003AE0 (14 KiB): D/IRAM[0m
[0;32mI (398) heap_init: At 3FFE4350 len 0001BCB0 (111 KiB): D/IRAM[0m
[0;32mI (405) heap_init: At 4008DFEC len 00012014 (72 KiB): IRAM[0m
[0;32mI (413) spi_flash: detected chip: generic[0m
[0;32mI (416) spi_flash: flash io: dio[0m
[0;33mW (420) spi_flash: Detected size(4096k) larger than the size in the binary image header(2048k). Using the size in the binary image header.[0m
[0;32mI (434) main_task: Started on CPU0[0m
[0;32mI (444) main_task: Calling app_main()[0m
[0;32mI (474) MQTT_APP: Other event id:7[0m

assert failed: tcpip_send_msg_wait_sem /IDF/components/lwip/lwip/src/api/tcpip.c:449 (Invalid mbox)


Backtrace: 0x40081a05:0x3ffb8230 0x40086139:0x3ffb8250 0x4008c8bd:0x3ffb8270 0x401010cb:0x3ffb8390 0x4010d952:0x3ffb83c0 0x400ff0d5:0x3ffb8400 0x400dfa09:0x3ffb8490 0x400dfd13:0x3ffb84f0 0x400e023f:0x3ffb8560 0x400e1619:0x3ffb8580 0x4011f7ad:0x3ffb85a0 0x400d96d5:0x3ffb85c0 0x40086ac9:0x3ffb85f0




ELF file SHA256: 7ac63242a

Rebooting...
ets Jul 29 2019 12:21:46

rst:0xc (SW_CPU_RESET),boot:0x13 (SPI_FAST_FLASH_BOOT)
configsip: 0, SPIWP:0xee
clk_drv:0x00,q_drv:0x00,d_drv:0x00,cs0_drv:0x00,hd_drv:0x00,wp_drv:0x00
mode:DIO, clock div:2
load:0x3fff0030,len:7112
load:0x40078000,len:15788
ho 0 tail 12 room 4
load:0x40080400,len:4
load:0x40080404,len:3904
entry 0x40080640
[0;32mI (31) boot: ESP-IDF v5.4-dev-2620-g6673376297 2nd stage bootloader[0m
[0;32mI (31) boot: compile time Sep  1 2024 18:58:24[0m
[0;32mI (33) boot: Multicore bootloader[0m
[0;32mI (37) boot: chip revision: v3.1[0m
[0;32mI (41) boot.esp32: SPI Speed      : 40MHz[0m
[0;32mI (45) boot.esp32: SPI Mode       : DIO[0m
[0;32mI (50) boot.esp32: SPI Flash Size : 2MB[0m
[0;32mI (54) boot: Enabling RNG early entropy source...[0m
[0;32mI (60) boot: Partition Table:[0m
[0;32mI (63) boot: ## Label            Usage          Type ST Offset   Length[0m
[0;32mI (71) boot:  0 nvs              WiFi data        01 02 00009000 00006000[0m
[0;32mI (78) boot:  1 phy_init         RF data          01 01 0000f000 00001000[0m
[0;32mI (86) boot:  2 factory          factory app      00 00 00010000 00100000[0m
[0;32mI (93) boot: End of partition table[0m
[0;32mI (97) esp_image: segment 0: paddr=00010020 vaddr=3f400020 size=1cb2ch (117548) map[0m
[0;32mI (146) esp_image: segment 1: paddr=0002cb54 vaddr=3ffb0000 size=0250ch (  9484) load[0m
[0;32mI (150) esp_image: segment 2: paddr=0002f068 vaddr=40080000 size=00fb0h (  4016) load[0m
[0;32mI (154) esp_image: segment 3: paddr=00030020 vaddr=400d0020 size=530a8h (340136) map[0m
[0;32mI (277) esp_image: segment 4: paddr=000830d0 vaddr=40080fb0 size=0d03ch ( 53308) load[0m
[0;32mI (305) boot: Loaded app from partition at offset 0x10000[0m
[0;32mI (305) boot: Disabling RNG early entropy source...[0m
[0;32mI (317) cpu_start: Multicore app[0m
[0;32mI (326) cpu_start: Pro cpu start user code[0m
[0;32mI (326) cpu_start: cpu freq: 160000000 Hz[0m
[0;32mI (326) app_init: Application information:[0m
[0;32mI (329) app_init: Project name:     irrigacao_inteligente[0m
[0;32mI (335) app_init: App version:      57e0da2-dirty[0m
[0;32mI (340) app_init: Compile time:     Sep  1 2024 18:58:47[0m
[0;32mI (346) app_init: ELF file SHA256:  7ac63242a...[0m
[0;32mI (352) app_init: ESP-IDF:          v5.4-dev-2620-g6673376297[0m
[0;32mI (358) efuse_init: Min chip rev:     v0.0[0m
[0;32mI (363) efuse_init: Max chip rev:     v3.99 [0m
[0;32mI (368) efuse_init: Chip rev:         v3.1[0m
[0;32mI (373) heap_init: Initializing. RAM available for dynamic allocation:[0m
[0;32mI (380) heap_init: At 3FFAE6E0 len 00001920 (6 KiB): DRAM[0m
[0;32mI (386) heap_init: At 3FFB3BA8 len 0002C458 (177 KiB): DRAM[0m
[0;32mI (392) heap_init: At 3FFE0440 len 00003AE0 (14 KiB): D/IRAM[0m
[0;32mI (398) heap_init: At 3FFE4350 len 0001BCB0 (111 KiB): D/IRAM[0m
[0;32mI (405) heap_init: At 4008DFEC len 00012014 (72 KiB): IRAM[0m
[0;32mI (413) spi_flash: detected chip: generic[0m
[0;32mI (416) spi_flash: flash io: dio[0m
[0;33mW (420) spi_flash: Detected size(4096k) larger than the size in the binary image header(2048k). Using the size in the binary image header.[0m
[0;32mI (434) main_task: Started on CPU0[0m
[0;32mI (444) main_task: Calling app_main()[0m
[0;32mI (474) MQTT_APP: Other event id:7[0m

assert failed: tcpip_send_msg_wait_sem /IDF/components/lwip/lwip/src/api/tcpip.c:449 (Invalid mbox)


