boot: chip revision: v1.0ï¿½ets Jun  8 2016 00:22:57

rst:0x1 (POWERON_RESET),boot:0x13 (SPI_FAST_FLASH_BOOT)
configsip: 0, SPIWP:0xee
clk_drv:0x00,q_drv:0x00,d_drv:0x00,cs0_drv:0x00,hd_drv:0x00,wp_drv:0x00
mode:DIO, clock div:2
load:0x3fff0030,len:7176
load:0x40078000,len:15564
ho 0 tail 12 room 4
load:0x40080400,len:4
load:0x40080404,len:3904
entry 0x40080640
[0;32mI (30) boot: ESP-IDF v5.3 2nd stage bootloader[0m
[0;32mI (30) boot: compile time Aug 31 2024 17:21:25[0m
[0;32mI (30) boot: Multicore bootloader[0m
[0;32mI (34) boot: chip revision: v1.0[0m
[0;32mI (38) boot.esp32: SPI Speed      : 40MHz[0m
[0;32mI (43) boot.esp32: SPI Mode       : DIO[0m
[0;32mI (47) boot.esp32: SPI Flash Size : 2MB[0m
[0;32mI (52) boot: Enabling RNG early entropy source...[0m
[0;32mI (57) boot: Partition Table:[0m
[0;32mI (61) boot: ## Label            Usage          Type ST Offset   Length[0m
[0;32mI (68) boot:  0 nvs              WiFi data        01 02 00009000 00006000[0m
[0;32mI (76) boot:  1 phy_init         RF data          01 01 0000f000 00001000[0m
[0;32mI (83) boot:  2 factory          factory app      00 00 00010000 00100000[0m
[0;32mI (91) boot: End of partition table[0m
[0;32mI (95) esp_image: segment 0: paddr=00010020 vaddr=3f400020 size=09e70h ( 40560) map[0m
[0;32mI (117) esp_image: segment 1: paddr=00019e98 vaddr=3ff80000 size=00004h (     4) load[0m
[0;32mI (117) esp_image: segment 2: paddr=00019ea4 vaddr=3ffb0000 size=023e4h (  9188) load[0m
[0;32mI (126) esp_image: segment 3: paddr=0001c290 vaddr=40080000 size=03d88h ( 15752) load[0m
[0;32mI (138) esp_image: segment 4: paddr=00020020 vaddr=400d0020 size=17374h ( 95092) map[0m
[0;32mI (173) esp_image: segment 5: paddr=0003739c vaddr=40083d88 size=09500h ( 38144) load[0m
[0;32mI (194) boot: Loaded app from partition at offset 0x10000[0m
[0;32mI (194) boot: Disabling RNG early entropy source...[0m
[0;32mI (206) cpu_start: Multicore app[0m
[0;32mI (215) cpu_start: Pro cpu start user code[0m
[0;32mI (215) cpu_start: cpu freq: 160000000 Hz[0m
[0;32mI (215) app_init: Application information:[0m
[0;32mI (218) app_init: Project name:     irrigacao_inteligente[0m
[0;32mI (224) app_init: App version:      b0ba800-dirty[0m
[0;32mI (229) app_init: Compile time:     Aug 31 2024 17:20:34[0m
[0;32mI (235) app_init: ELF file SHA256:  0338526dc...[0m
[0;32mI (240) app_init: ESP-IDF:          v5.3[0m
[0;32mI (245) efuse_init: Min chip rev:     v0.0[0m
[0;32mI (250) efuse_init: Max chip rev:     v3.99 [0m
[0;32mI (255) efuse_init: Chip rev:         v1.0[0m
[0;32mI (260) heap_init: Initializing. RAM available for dynamic allocation:[0m
[0;32mI (267) heap_init: At 3FFAE6E0 len 00001920 (6 KiB): DRAM[0m
[0;32mI (273) heap_init: At 3FFB2D48 len 0002D2B8 (180 KiB): DRAM[0m
[0;32mI (279) heap_init: At 3FFE0440 len 00003AE0 (14 KiB): D/IRAM[0m
[0;32mI (285) heap_init: At 3FFE4350 len 0001BCB0 (111 KiB): D/IRAM[0m
[0;32mI (292) heap_init: At 4008D288 len 00012D78 (75 KiB): IRAM[0m
[0;32mI (300) spi_flash: detected chip: generic[0m
[0;32mI (303) spi_flash: flash io: dio[0m
[0;33mW (307) spi_flash: Detected size(4096k) larger than the size in the binary image header(2048k). Using the size in the binary image header.[0m
[0;32mI (320) main_task: Started on CPU0[0m
[0;32mI (330) main_task: Calling app_main()[0m
[0;32mI (350) EXAMPLE: ADC1 Channel[0] Raw Data: 3027[0m
[0;32mI (350) EXAMPLE: Soil Moisture Percent: 8%[0m
[0;32mI (350) main_task: Returned from app_main()[0m
[0;32mI (1350) EXAMPLE: ADC1 Channel[0] Raw Data: 3027[0m
[0;32mI (1350) EXAMPLE: Soil Moisture Percent: 8%[0m
[0;32mI (2350) EXAMPLE: ADC1 Channel[0] Raw Data: 3024[0m
[0;32mI (2350) EXAMPLE: Soil Moisture Percent: 8%[0m
[0;32mI (3350) EXAMPLE: ADC1 Channel[0] Raw Data: 3101[0m
[0;32mI (3350) EXAMPLE: Soil Moisture Percent: 4%[0m
[0;32mI (4350) EXAMPLE: ADC1 Channel[0] Raw Data: 3040[0m
[0;32mI (4350) EXAMPLE: Soil Moisture Percent: 7%[0m
[0;32mI (5350) EXAMPLE: ADC1 Channel[0] Raw Data: 3038[0m
[0;32mI (5350) EXAMPLE: Soil Moisture Percent: 8%[0m
[0;32mI (6350) EXAMPLE: ADC1 Channel[0] Raw Data: 3045[0m
[0;32mI (6350) EXAMPLE: Soil Moisture Percent: 7%[0m
[0;32mI (7350) EXAMPLE: ADC1 Channel[0] Raw Data: 3045[0m
[0;32mI (7350) EXAMPLE: Soil Moisture Percent: 7%[0m
[0;32mI (8350) EXAMPLE: ADC1 Channel[0] Raw Data: 3050[0m
[0;32mI (8350) EXAMPLE: Soil Moisture Percent: 7%[0m
[0;32mI (9350) EXAMPLE: ADC1 Channel[0] Raw Data: 3037[0m
[0;32mI (9350) EXAMPLE: Soil Moisture Percent: 8%[0m
[0;32mI (10350) EXAMPLE: ADC1 Channel[0] Raw Data: 3067[0m
[0;32mI (10350) EXAMPLE: Soil Moisture Percent: 6%[0m
[0;32mI (11350) EXAMPLE: ADC1 Channel[0] Raw Data: 3071[0m
[0;32mI (11350) EXAMPLE: Soil Moisture Percent: 6%[0m
[0;32mI (12350) EXAMPLE: ADC1 Channel[0] Raw Data: 3071[0m
[0;32mI (12350) EXAMPLE: Soil Moisture Percent: 6%[0m
[0;32mI (13350) EXAMPLE: ADC1 Channel[0] Raw Data: 3067[0m
[0;32mI (13350) EXAMPLE: Soil Moisture Percent: 6%[0m
[0;32mI (14350) EXAMPLE: ADC1 Channel[0] Raw Data: 3086[0m
[0;32mI (14350) EXAMPLE: Soil Moisture Percent: 5%[0m
[0;32mI (15350) EXAMPLE: ADC1 Channel[0] Raw Data: 3063[0m
[0;32mI (15350) EXAMPLE: Soil Moisture Percent: 6%[0m
[0;32mI (16350) EXAMPLE: ADC1 Channel[0] Raw Data: 2599[0m
[0;32mI (16350) EXAMPLE: Soil Moisture Percent: 30%[0m
[0;32mI (17350) EXAMPLE: ADC1 Channel[0] Raw Data: 1776[0m
[0;32mI (17350) EXAMPLE: Soil Moisture Percent: 71%[0m
[0;32mI (18350) EXAMPLE: ADC1 Channel[0] Raw Data: 1774[0m
[0;32mI (18350) EXAMPLE: Soil Moisture Percent: 71%[0m
[0;32mI (19350) EXAMPLE: ADC1 Channel[0] Raw Data: 1727[0m
[0;32mI (19350) EXAMPLE: Soil Moisture Percent: 73%[0m
[0;32mI (20350) EXAMPLE: ADC1 Channel[0] Raw Data: 1703[0m
[0;32mI (20350) EXAMPLE: Soil Moisture Percent: 74%[0m
[0;32mI (21350) EXAMPLE: ADC1 Channel[0] Raw Data: 1664[0m
[0;32mI (21350) EXAMPLE: Soil Moisture Percent: 76%[0m
[0;32mI (22350) EXAMPLE: ADC1 Channel[0] Raw Data: 2832[0m
[0;32mI (22350) EXAMPLE: Soil Moisture Percent: 18%[0m
[0;32mI (23350) EXAMPLE: ADC1 Channel[0] Raw Data: 3035[0m
[0;32mI (23350) EXAMPLE: Soil Moisture Percent: 8%[0m
[0;32mI (24350) EXAMPLE: ADC1 Channel[0] Raw Data: 2437[0m
[0;32mI (24350) EXAMPLE: Soil Moisture Percent: 38%[0m
[0;32mI (25350) EXAMPLE: ADC1 Channel[0] Raw Data: 2343[0m
[0;32mI (25350) EXAMPLE: Soil Moisture Percent: 42%[0m
[0;32mI (26350) EXAMPLE: ADC1 Channel[0] Raw Data: 2325[0m
[0;32mI (26350) EXAMPLE: Soil Moisture Percent: 43%[0m
[0;32mI (27350) EXAMPLE: ADC1 Channel[0] Raw Data: 3027[0m
[0;32mI (27350) EXAMPLE: Soil Moisture Percent: 8%[0m
[0;32mI (28350) EXAMPLE: ADC1 Channel[0] Raw Data: 3029[0m
[0;32mI (28350) EXAMPLE: Soil Moisture Percent: 8%[0m
[0;32mI (29350) EXAMPLE: ADC1 Channel[0] Raw Data: 3036[0m
[0;32mI (29350) EXAMPLE: Soil Moisture Percent: 8%[0m
[0;32mI (30350) EXAMPLE: ADC1 Channel[0] Raw Data: 3009[0m
[0;32mI (30350) EXAMPLE: Soil Moisture Percent: 9%[0m
[0;32mI (31350) EXAMPLE: ADC1 Channel[0] Raw Data: 3038[0m
[0;32mI (31350) EXAMPLE: Soil Moisture Percent: 8%[0m
[0;32mI (32350) EXAMPLE: ADC1 Channel[0] Raw Data: 1366[0m
[0;32mI (32350) EXAMPLE: Soil Moisture Percent: 91%[0m
[0;32mI (33350) EXAMPLE: ADC1 Channel[0] Raw Data: 1330[0m
[0;32mI (33350) EXAMPLE: Soil Moisture Percent: 93%[0m
[0;32mI (34350) EXAMPLE: ADC1 Channel[0] Raw Data: 1342[0m
[0;32mI (34350) EXAMPLE: Soil Moisture Percent: 92%[0m
[0;32mI (35350) EXAMPLE: ADC1 Channel[0] Raw Data: 1231[0m
[0;32mI (35350) EXAMPLE: Soil Moisture Percent: 98%[0m
[0;32mI (36350) EXAMPLE: ADC1 Channel[0] Raw Data: 1246[0m
[0;32mI (36350) EXAMPLE: Soil Moisture Percent: 97%[0m
[0;32mI (37350) EXAMPLE: ADC1 Channel[0] Raw Data: 2541[0m
[0;32mI (37350) EXAMPLE: Soil Moisture Percent: 32%[0m
[0;32mI (38350) EXAMPLE: ADC1 Channel[0] Raw Data: 2706[0m
[0;32mI (38350) EXAMPLE: Soil Moisture Percent: 24%[0m
[0;32mI (39350) EXAMPLE: ADC1 Channel[0] Raw Data: 2613[0m
[0;32mI (39350) EXAMPLE: Soil Moisture Percent: 29%[0m
[0;32mI (40350) EXAMPLE: ADC1 Channel[0] Raw Data: 2769[0m
[0;32mI (40350) EXAMPLE: Soil Moisture Percent: 21%[0m
[0;32mI (41350) EXAMPLE: ADC1 Channel[0] Raw Data: 2768[0m
[0;32mI (41350) EXAMPLE: Soil Moisture Percent: 21%[0m
